Archive member included because of file (symbol)

/Users/gordonanderson/Library/Arduino15/packages/arduino/tools/arm-none-eabi-gcc/4.8.3-2014q1/bin/../lib/gcc/arm-none-eabi/4.8.3/../../../../arm-none-eabi/lib/armv7e-m/fpu/libm.a(lib_a-w_sqrt.o)
                              /private/var/folders/hj/1py1l1fn4579t9q2qnrjkywr0000gn/T/arduino-sketch-65AB117ABF15C333024E06BCD97357BD/sketch/RFgenerator.ino.cpp.o (sqrt)
/Users/gordonanderson/Library/Arduino15/packages/arduino/tools/arm-none-eabi-gcc/4.8.3-2014q1/bin/../lib/gcc/arm-none-eabi/4.8.3/../../../../arm-none-eabi/lib/armv7e-m/fpu/libm.a(lib_a-e_sqrt.o)
                              /Users/gordonanderson/Library/Arduino15/packages/arduino/tools/arm-none-eabi-gcc/4.8.3-2014q1/bin/../lib/gcc/arm-none-eabi/4.8.3/../../../../arm-none-eabi/lib/armv7e-m/fpu/libm.a(lib_a-w_sqrt.o) (__ieee754_sqrt)
/Users/gordonanderson/Library/Arduino15/packages/arduino/tools/arm-none-eabi-gcc/4.8.3-2014q1/bin/../lib/gcc/arm-none-eabi/4.8.3/../../../../arm-none-eabi/lib/armv7e-m/fpu/libm.a(lib_a-s_fpclassify.o)
                              /Users/gordonanderson/Library/Arduino15/packages/arduino/tools/arm-none-eabi-gcc/4.8.3-2014q1/bin/../lib/gcc/arm-none-eabi/4.8.3/../../../../arm-none-eabi/lib/armv7e-m/fpu/libm.a(lib_a-w_sqrt.o) (__fpclassifyd)
/Users/gordonanderson/Library/Arduino15/packages/arduino/tools/arm-none-eabi-gcc/4.8.3-2014q1/bin/../lib/gcc/arm-none-eabi/4.8.3/../../../../arm-none-eabi/lib/armv7e-m/fpu/libm.a(lib_a-s_lib_ver.o)
                              /Users/gordonanderson/Library/Arduino15/packages/arduino/tools/arm-none-eabi-gcc/4.8.3-2014q1/bin/../lib/gcc/arm-none-eabi/4.8.3/../../../../arm-none-eabi/lib/armv7e-m/fpu/libm.a(lib_a-w_sqrt.o) (__fdlib_version)
/Users/gordonanderson/Library/Arduino15/packages/arduino/tools/arm-none-eabi-gcc/4.8.3-2014q1/bin/../lib/gcc/arm-none-eabi/4.8.3/../../../../arm-none-eabi/lib/armv7e-m/fpu/libm.a(lib_a-s_matherr.o)
                              /Users/gordonanderson/Library/Arduino15/packages/arduino/tools/arm-none-eabi-gcc/4.8.3-2014q1/bin/../lib/gcc/arm-none-eabi/4.8.3/../../../../arm-none-eabi/lib/armv7e-m/fpu/libm.a(lib_a-w_sqrt.o) (matherr)
/private/var/folders/hj/1py1l1fn4579t9q2qnrjkywr0000gn/T/arduino-sketch-65AB117ABF15C333024E06BCD97357BD/../arduino-core-cache/core_adafruit_samd_adafruit_itsybitsy_m4_cache_on_028f04db71604169935d71340ec685c9.a(Print.cpp.o)
                              /private/var/folders/hj/1py1l1fn4579t9q2qnrjkywr0000gn/T/arduino-sketch-65AB117ABF15C333024E06BCD97357BD/sketch/RFgenerator.ino.cpp.o (Print::print(char const*))
/private/var/folders/hj/1py1l1fn4579t9q2qnrjkywr0000gn/T/arduino-sketch-65AB117ABF15C333024E06BCD97357BD/../arduino-core-cache/core_adafruit_samd_adafruit_itsybitsy_m4_cache_on_028f04db71604169935d71340ec685c9.a(SERCOM.cpp.o)
                              /private/var/folders/hj/1py1l1fn4579t9q2qnrjkywr0000gn/T/arduino-sketch-65AB117ABF15C333024E06BCD97357BD/core/variant.cpp.o (SERCOM::SERCOM(Sercom*))
/private/var/folders/hj/1py1l1fn4579t9q2qnrjkywr0000gn/T/arduino-sketch-65AB117ABF15C333024E06BCD97357BD/../arduino-core-cache/core_adafruit_samd_adafruit_itsybitsy_m4_cache_on_028f04db71604169935d71340ec685c9.a(CDC.cpp.o)
                              /private/var/folders/hj/1py1l1fn4579t9q2qnrjkywr0000gn/T/arduino-sketch-65AB117ABF15C333024E06BCD97357BD/sketch/RFgenerator.ino.cpp.o (Serial_::available())
/private/var/folders/hj/1py1l1fn4579t9q2qnrjkywr0000gn/T/arduino-sketch-65AB117ABF15C333024E06BCD97357BD/../arduino-core-cache/core_adafruit_samd_adafruit_itsybitsy_m4_cache_on_028f04db71604169935d71340ec685c9.a(USBCore.cpp.o)
                              /private/var/folders/hj/1py1l1fn4579t9q2qnrjkywr0000gn/T/arduino-sketch-65AB117ABF15C333024E06BCD97357BD/../arduino-core-cache/core_adafruit_samd_adafruit_itsybitsy_m4_cache_on_028f04db71604169935d71340ec685c9.a(CDC.cpp.o) (USBDeviceClass::available(unsigned long))
/private/var/folders/hj/1py1l1fn4579t9q2qnrjkywr0000gn/T/arduino-sketch-65AB117ABF15C333024E06BCD97357BD/../arduino-core-cache/core_adafruit_samd_adafruit_itsybitsy_m4_cache_on_028f04db71604169935d71340ec685c9.a(Uart.cpp.o)
                              /private/var/folders/hj/1py1l1fn4579t9q2qnrjkywr0000gn/T/arduino-sketch-65AB117ABF15C333024E06BCD97357BD/sketch/RFgenerator.ino.cpp.o (Uart::begin(unsigned long))
/private/var/folders/hj/1py1l1fn4579t9q2qnrjkywr0000gn/T/arduino-sketch-65AB117ABF15C333024E06BCD97357BD/../arduino-core-cache/core_adafruit_samd_adafruit_itsybitsy_m4_cache_on_028f04db71604169935d71340ec685c9.a(WString.cpp.o)
                              /private/var/folders/hj/1py1l1fn4579t9q2qnrjkywr0000gn/T/arduino-sketch-65AB117ABF15C333024E06BCD97357BD/sketch/RFgenerator.ino.cpp.o (String::~String())
/private/var/folders/hj/1py1l1fn4579t9q2qnrjkywr0000gn/T/arduino-sketch-65AB117ABF15C333024E06BCD97357BD/../arduino-core-cache/core_adafruit_samd_adafruit_itsybitsy_m4_cache_on_028f04db71604169935d71340ec685c9.a(abi.cpp.o)
[...]
Memory Configuration

Name             Origin             Length             Attributes
FLASH            0x0000000000004000 0x000000000007c000 xr
RAM              0x0000000020000000 0x0000000000030000 xrw
*default*        0x0000000000000000 0xffffffffffffffff

Linker script and memory map

LOAD /Users/gordonanderson/Library/Arduino15/packages/arduino/tools/arm-none-eabi-gcc/4.8.3-2014q1/bin/../lib/gcc/arm-none-eabi/4.8.3/armv7e-m/fpu/crti.o
LOAD /Users/gordonanderson/Library/Arduino15/packages/arduino/tools/arm-none-eabi-gcc/4.8.3-2014q1/bin/../lib/gcc/arm-none-eabi/4.8.3/armv7e-m/fpu/crtbegin.o
LOAD /Users/gordonanderson/Library/Arduino15/packages/arduino/tools/arm-none-eabi-gcc/4.8.3-2014q1/bin/../lib/gcc/arm-none-eabi/4.8.3/../../../../arm-none-eabi/lib/armv7e-m/fpu/crt0.o
LOAD /private/var/folders/hj/1py1l1fn4579t9q2qnrjkywr0000gn/T/arduino-sketch-65AB117ABF15C333024E06BCD97357BD/sketch/RFgenerator.ino.cpp.o
LOAD /private/var/folders/hj/1py1l1fn4579t9q2qnrjkywr0000gn/T/arduino-sketch-65AB117ABF15C333024E06BCD97357BD/sketch/Serial.cpp.o
LOAD /private/var/folders/hj/1py1l1fn4579t9q2qnrjkywr0000gn/T/arduino-sketch-65AB117ABF15C333024E06BCD97357BD/libraries/ArduinoThread/Thread.cpp.o
LOAD /private/var/folders/hj/1py1l1fn4579t9q2qnrjkywr0000gn/T/arduino-sketch-65AB117ABF15C333024E06BCD97357BD/libraries/ArduinoThread/ThreadController.cpp.o
LOAD /private/var/folders/hj/1py1l1fn4579t9q2qnrjkywr0000gn/T/arduino-sketch-65AB117ABF15C333024E06BCD97357BD/libraries/Adafruit_DotStar/Adafruit_DotStar.cpp.o
LOAD /private/var/folders/hj/1py1l1fn4579t9q2qnrjkywr0000gn/T/arduino-sketch-65AB117ABF15C333024E06BCD97357BD/libraries/Wire/Wire.cpp.o
LOAD /private/var/folders/hj/1py1l1fn4579t9q2qnrjkywr0000gn/T/arduino-sketch-65AB117ABF15C333024E06BCD97357BD/libraries/SPI/SPI.cpp.o
LOAD /private/var/folders/hj/1py1l1fn4579t9q2qnrjkywr0000gn/T/arduino-sketch-65AB117ABF15C333024E06BCD97357BD/libraries/FlashStorage/FlashAsEEPROM.cpp.o
LOAD /private/var/folders/hj/1py1l1fn4579t9q2qnrjkywr0000gn/T/arduino-sketch-65AB117ABF15C333024E06BCD97357BD/libraries/FlashStorage/FlashStorage.cpp.o
LOAD /private/var/folders/hj/1py1l1fn4579t9q2qnrjkywr0000gn/T/arduino-sketch-65AB117ABF15C333024E06BCD97357BD/libraries/SerialBuffer/SerialBuffer.cpp.o
LOAD /private/var/folders/hj/1py1l1fn4579t9q2qnrjkywr0000gn/T/arduino-sketch-65AB117ABF15C333024E06BCD97357BD/core/variant.cpp.o
START GROUP
LOAD /Users/gordonanderson/Library/Arduino15/packages/adafruit/hardware/samd/1.3.0/variants/itsybitsy_m4/libarm_cortexM4lf_math.a
LOAD /Users/gordonanderson/Library/Arduino15/packages/arduino/tools/arm-none-eabi-gcc/4.8.3-2014q1/bin/../lib/gcc/arm-none-eabi/4.8.3/../../../../arm-none-eabi/lib/armv7e-m/fpu/libm.a
LOAD /private/var/folders/hj/1py1l1fn4579t9q2qnrjkywr0000gn/T/arduino-sketch-65AB117ABF15C333024E06BCD97357BD/../arduino-core-cache/core_adafruit_samd_adafruit_itsybitsy_m4_cache_on_028f04db71604169935d71340ec685c9.a
END GROUP
START GROUP
LOAD /Users/gordonanderson/Library/Arduino15/packages/arduino/tools/arm-none-eabi-gcc/4.8.3-2014q1/bin/../lib/gcc/arm-none-eabi/4.8.3/armv7e-m/fpu/libgcc.a
LOAD /Users/gordonanderson/Library/Arduino15/packages/arduino/tools/arm-none-eabi-gcc/4.8.3-2014q1/bin/../lib/gcc/arm-none-eabi/4.8.3/../../../../arm-none-eabi/lib/armv7e-m/fpu/libc_s.a
END GROUP
START GROUP
LOAD /Users/gordonanderson/Library/Arduino15/packages/arduino/tools/arm-none-eabi-gcc/4.8.3-2014q1/bin/../lib/gcc/arm-none-eabi/4.8.3/armv7e-m/fpu/libgcc.a
LOAD /Users/gordonanderson/Library/Arduino15/packages/arduino/tools/arm-none-eabi-gcc/4.8.3-2014q1/bin/../lib/gcc/arm-none-eabi/4.8.3/../../../../arm-none-eabi/lib/armv7e-m/fpu/libc_s.a
LOAD /Users/gordonanderson/Library/Arduino15/packages/arduino/tools/arm-none-eabi-gcc/4.8.3-2014q1/bin/../lib/gcc/arm-none-eabi/4.8.3/../../../../arm-none-eabi/lib/armv7e-m/fpu/libnosys.a
END GROUP
START GROUP
LOAD /Users/gordonanderson/Library/Arduino15/packages/arduino/tools/arm-none-eabi-gcc/4.8.3-2014q1/bin/../lib/gcc/arm-none-eabi/4.8.3/armv7e-m/fpu/libgcc.a
LOAD /Users/gordonanderson/Library/Arduino15/packages/arduino/tools/arm-none-eabi-gcc/4.8.3-2014q1/bin/../lib/gcc/arm-none-eabi/4.8.3/../../../../arm-none-eabi/lib/armv7e-m/fpu/libc_s.a
LOAD /Users/gordonanderson/Library/Arduino15/packages/arduino/tools/arm-none-eabi-gcc/4.8.3-2014q1/bin/../lib/gcc/arm-none-eabi/4.8.3/../../../../arm-none-eabi/lib/armv7e-m/fpu/libnosys.a
END GROUP
LOAD /Users/gordonanderson/Library/Arduino15/packages/arduino/tools/arm-none-eabi-gcc/4.8.3-2014q1/bin/../lib/gcc/arm-none-eabi/4.8.3/armv7e-m/fpu/crtend.o
LOAD /Users/gordonanderson/Library/Arduino15/packages/arduino/tools/arm-none-eabi-gcc/4.8.3-2014q1/bin/../lib/gcc/arm-none-eabi/4.8.3/armv7e-m/fpu/crtn.o

.text           0x0000000000004000    0x10758
                0x0000000000004000                __text_start__ = .
 *(.sketch_boot)
                0x0000000000004000                . = ALIGN (0x4000)
 *(.isr_vector)
 .isr_vector    0x0000000000004000      0x264 /private/var/folders/hj/1py1l1fn4579t9q2qnrjkywr0000gn/T/arduino-sketch-65AB117ABF15C333024E06BCD97357BD/../arduino-core-cache/core_adafruit_samd_adafruit_itsybitsy_m4_cache_on_028f04db71604169935d71340ec685c9.a(cortex_handlers.c.o)
                0x0000000000004000                exception_table
 *(.text*)
 .text          0x0000000000004264       0x54 /Users/gordonanderson/Library/Arduino15/packages/arduino/tools/arm-none-eabi-gcc/4.8.3-2014q1/bin/../lib/gcc/arm-none-eabi/4.8.3/armv7e-m/fpu/crtbegin.o
 .text.NVIC_SystemReset
                0x00000000000042b8       0x24 /private/var/folders/hj/1py1l1fn4579t9q2qnrjkywr0000gn/T/arduino-sketch-65AB117ABF15C333024E06BCD97357BD/sketch/RFgenerator.ino.cpp.o
 .text._Z15RFdriveAllowADJv
                0x00000000000042dc        0xc /private/var/folders/hj/1py1l1fn4579t9q2qnrjkywr0000gn/T/arduino-sketch-65AB117ABF15C333024E06BCD97357BD/sketch/RFgenerator.ino.cpp.o
                0x00000000000042dc                RFdriveAllowADJ()
 .text._ZN6ThreadD2Ev
                0x00000000000042e8       0x18 /private/var/folders/hj/1py1l1fn4579t9q2qnrjkywr0000gn/T/arduino-sketch-65AB117ABF15C333024E06BCD97357BD/sketch/RFgenerator.ino.cpp.o
                0x00000000000042e8                Thread::~Thread()
                0x00000000000042e8                Thread::~Thread()
 .text._ZN16ThreadControllerD2Ev
                0x0000000000004300       0x14 /private/var/folders/hj/1py1l1fn4579t9q2qnrjkywr0000gn/T/arduino-sketch-65AB117ABF15C333024E06BCD97357BD/sketch/RFgenerator.ino.cpp.o
                0x0000000000004300                ThreadController::~ThreadController()
                0x0000000000004300                ThreadController::~ThreadController()
 .text._Z7RFonLEDPv
                0x0000000000004314       0x1c /private/var/folders/hj/1py1l1fn4579t9q2qnrjkywr0000gn/T/arduino-sketch-65AB117ABF15C333024E06BCD97357BD/sketch/RFgenerator.ino.cpp.o
                0x0000000000004314                RFonLED(void*)
 .text._Z9StatusLEDPv
                0x0000000000004330       0x28 /private/var/folders/hj/1py1l1fn4579t9q2qnrjkywr0000gn/T/arduino-sketch-65AB117ABF15C333024E06BCD97357BD/sketch/RFgenerator.ino.cpp.o
                0x0000000000004330                StatusLED(void*)
 .text._ZN5Print5writeEPKc
                0x0000000000004358       0x1e /private/var/folders/hj/1py1l1fn4579t9q2qnrjkywr0000gn/T/arduino-sketch-65AB117ABF15C333024E06BCD97357BD/sketch/RFgenerator.ino.cpp.o
                0x0000000000004358                Print::write(char const*)
 .text._ZN6Button8releasedEv
                0x0000000000004376       0x28 /private/var/folders/hj/1py1l1fn4579t9q2qnrjkywr0000gn/T/arduino-sketch-65AB117ABF15C333024E06BCD97357BD/sketch/RFgenerator.ino.cpp.o
                0x0000000000004376                Button::released()
 *fill*         0x000000000000439e        0x2 
 .text._Z7Controlv
                0x00000000000043a0       0xc8 /private/var/folders/hj/1py1l1fn4579t9q2qnrjkywr0000gn/T/arduino-sketch-65AB117ABF15C333024E06BCD97357BD/sketch/RFgenerator.ino.cpp.o
                0x00000000000043a0                Control()
 .text._Z15configureRelaysv
                0x0000000000004468       0x40 /private/var/folders/hj/1py1l1fn4579t9q2qnrjkywr0000gn/T/arduino-sketch-65AB117ABF15C333024E06BCD97357BD/sketch/RFgenerator.ino.cpp.o
                0x0000000000004468                configureRelays()
 .text._Z13RFdriver_tunev
                0x00000000000044a8      0x2c4 /private/var/folders/hj/1py1l1fn4579t9q2qnrjkywr0000gn/T/arduino-sketch-65AB117ABF15C333024E06BCD97357BD/sketch/RFgenerator.ino.cpp.o
                0x00000000000044a8                RFdriver_tune()
 .text._Z12SaveSettingsv
                0x000000000000476c       0x58 /private/var/folders/hj/1py1l1fn4579t9q2qnrjkywr0000gn/T/arduino-sketch-65AB117ABF15C333024E06BCD97357BD/sketch/RFgenerator.ino.cpp.o
                0x000000000000476c                SaveSettings()
 .text._Z15RestoreSettingsv
                0x00000000000047c4       0x7c /private/var/folders/hj/1py1l1fn4579t9q2qnrjkywr0000gn/T/arduino-sketch-65AB117ABF15C333024E06BCD97357BD/sketch/RFgenerator.ino.cpp.o
                0x00000000000047c4                RestoreSettings()
 .text._Z14Software_Resetv
                0x0000000000004840        0x6 /private/var/folders/hj/1py1l1fn4579t9q2qnrjkywr0000gn/T/arduino-sketch-65AB117ABF15C333024E06BCD97357BD/sketch/RFgenerator.ino.cpp.o
                0x0000000000004840                Software_Reset()
 *fill*         0x0000000000004846        0x2 
 .text._Z11FormatFLASHv
                0x0000000000004848       0x50 /private/var/folders/hj/1py1l1fn4579t9q2qnrjkywr0000gn/T/arduino-sketch-65AB117ABF15C333024E06BCD97357BD/sketch/RFgenerator.ino.cpp.o
                0x0000000000004848                FormatFLASH()
 .text._Z5Debugi
                0x0000000000004898        0x2 /private/var/folders/hj/1py1l1fn4579t9q2qnrjkywr0000gn/T/arduino-sketch-65AB117ABF15C333024E06BCD97357BD/sketch/RFgenerator.ino.cpp.o
                0x0000000000004898                Debug(int)
 *fill*         0x000000000000489a        0x2 
 .text._Z9PWLlookupii
                0x000000000000489c       0xa4 /private/var/folders/hj/1py1l1fn4579t9q2qnrjkywr0000gn/T/arduino-sketch-65AB117ABF15C333024E06BCD97357BD/sketch/RFgenerator.ino.cpp.o
                0x000000000000489c                PWLlookup(int, int)
 .text._Z8SetRelayPcS_
                0x0000000000004940       0xc4 /private/var/folders/hj/1py1l1fn4579t9q2qnrjkywr0000gn/T/arduino-sketch-65AB117ABF15C333024E06BCD97357BD/sketch/RFgenerator.ino.cpp.o
                0x0000000000004940                SetRelay(char*, char*)
 .text._Z8GetRelayi
                0x0000000000004a04       0x70 /private/var/folders/hj/1py1l1fn4579t9q2qnrjkywr0000gn/T/arduino-sketch-65AB117ABF15C333024E06BCD97357BD/sketch/RFgenerator.ino.cpp.o
                0x0000000000004a04                GetRelay(int)
 .text._Z7calBiasv
                0x0000000000004a74      0x100 /private/var/folders/hj/1py1l1fn4579t9q2qnrjkywr0000gn/T/arduino-sketch-65AB117ABF15C333024E06BCD97357BD/sketch/RFgenerator.ino.cpp.o
                0x0000000000004a74                calBias()
 .text._Z10FindScaleriPiS_S_
                0x0000000000004b74       0x50 /private/var/folders/hj/1py1l1fn4579t9q2qnrjkywr0000gn/T/arduino-sketch-65AB117ABF15C333024E06BCD97357BD/sketch/RFgenerator.ino.cpp.o
                0x0000000000004b74                FindScaler(int, int*, int*, int*)
 .text._Z11GetADCvalueii
                0x0000000000004bc4       0x20 /private/var/folders/hj/1py1l1fn4579t9q2qnrjkywr0000gn/T/arduino-sketch-65AB117ABF15C333024E06BCD97357BD/sketch/RFgenerator.ino.cpp.o
                0x0000000000004bc4                GetADCvalue(int, int)
 .text._Z7ReadADCi
                0x0000000000004be4       0x3c /private/var/folders/hj/1py1l1fn4579t9q2qnrjkywr0000gn/T/arduino-sketch-65AB117ABF15C333024E06BCD97357BD/sketch/RFgenerator.ino.cpp.o
                0x0000000000004be4                ReadADC(int)
 .text._Z14genPWLcalTablePc
                0x0000000000004c20      0x1f4 /private/var/folders/hj/1py1l1fn4579t9q2qnrjkywr0000gn/T/arduino-sketch-65AB117ABF15C333024E06BCD97357BD/sketch/RFgenerator.ino.cpp.o
                0x0000000000004c20                genPWLcalTable(char*)
 .text._Z12Value2CountsfP7DACchan
                0x0000000000004e14       0x28 /private/var/folders/hj/1py1l1fn4579t9q2qnrjkywr0000gn/T/arduino-sketch-65AB117ABF15C333024E06BCD97357BD/sketch/RFgenerator.ino.cpp.o
                0x0000000000004e14                Value2Counts(float, DACchan*)
 .text._Z7SetBiasPc
                0x0000000000004e3c       0xa0 /private/var/folders/hj/1py1l1fn4579t9q2qnrjkywr0000gn/T/arduino-sketch-65AB117ABF15C333024E06BCD97357BD/sketch/RFgenerator.ino.cpp.o
                0x0000000000004e3c                SetBias(char*)
 .text._Z14ReadADCchannel7ADCchan
                0x0000000000004edc       0x30 /private/var/folders/hj/1py1l1fn4579t9q2qnrjkywr0000gn/T/arduino-sketch-65AB117ABF15C333024E06BCD97357BD/sketch/RFgenerator.ino.cpp.o
                0x0000000000004edc                ReadADCchannel(ADCchan)
 .text._Z11setupD10pwmv
                0x0000000000004f0c       0xac /private/var/folders/hj/1py1l1fn4579t9q2qnrjkywr0000gn/T/arduino-sketch-65AB117ABF15C333024E06BCD97357BD/sketch/RFgenerator.ino.cpp.o
                0x0000000000004f0c                setupD10pwm()
 .text._Z9setD10pwmi
                0x0000000000004fb8       0x1c /private/var/folders/hj/1py1l1fn4579t9q2qnrjkywr0000gn/T/arduino-sketch-65AB117ABF15C333024E06BCD97357BD/sketch/RFgenerator.ino.cpp.o
                0x0000000000004fb8                setD10pwm(int)
 *fill*         0x0000000000004fd4        0x4 
 .text._Z8setDrivef
                0x0000000000004fd8       0x80 /private/var/folders/hj/1py1l1fn4579t9q2qnrjkywr0000gn/T/arduino-sketch-65AB117ABF15C333024E06BCD97357BD/sketch/RFgenerator.ino.cpp.o
                0x0000000000004fd8                setDrive(float)
 .text._Z7PrintIPPh
                0x0000000000005058       0x54 /private/var/folders/hj/1py1l1fn4579t9q2qnrjkywr0000gn/T/arduino-sketch-65AB117ABF15C333024E06BCD97357BD/sketch/RFgenerator.ino.cpp.o
                0x0000000000005058                PrintIP(unsigned char*)
 .text._Z6ScanIPPcPh
                0x00000000000050ac       0x8c /private/var/folders/hj/1py1l1fn4579t9q2qnrjkywr0000gn/T/arduino-sketch-65AB117ABF15C333024E06BCD97357BD/sketch/RFgenerator.ino.cpp.o
                0x00000000000050ac                ScanIP(char*, unsigned char*)
 .text._Z17isEthernetPresentv
                0x0000000000005138       0x3c /private/var/folders/hj/1py1l1fn4579t9q2qnrjkywr0000gn/T/arduino-sketch-65AB117ABF15C333024E06BCD97357BD/sketch/RFgenerator.ino.cpp.o
                0x0000000000005138                isEthernetPresent()
 .text._Z9ReportEIPv
                0x0000000000005174       0x4c /private/var/folders/hj/1py1l1fn4579t9q2qnrjkywr0000gn/T/arduino-sketch-65AB117ABF15C333024E06BCD97357BD/sketch/RFgenerator.ino.cpp.o
                0x0000000000005174                ReportEIP()
 .text._Z11ReportSNEIPv
                0x00000000000051c0       0x4c /private/var/folders/hj/1py1l1fn4579t9q2qnrjkywr0000gn/T/arduino-sketch-65AB117ABF15C333024E06BCD97357BD/sketch/RFgenerator.ino.cpp.o
                0x00000000000051c0                ReportSNEIP()
 .text._Z11ReportEportv
                0x000000000000520c       0x44 /private/var/folders/hj/1py1l1fn4579t9q2qnrjkywr0000gn/T/arduino-sketch-65AB117ABF15C333024E06BCD97357BD/sketch/RFgenerator.ino.cpp.o
                0x000000000000520c                ReportEport()
 .text._Z11ReportEGATEv
                0x0000000000005250       0x4c /private/var/folders/hj/1py1l1fn4579t9q2qnrjkywr0000gn/T/arduino-sketch-65AB117ABF15C333024E06BCD97357BD/sketch/RFgenerator.ino.cpp.o
                0x0000000000005250                ReportEGATE()
 .text._ZN5TimerILj16EXadL_Z6millisEEPvE5everyEmPFbS0_ES0_
                0x000000000000529c       0x54 /private/var/folders/hj/1py1l1fn4579t9q2qnrjkywr0000gn/T/arduino-sketch-65AB117ABF15C333024E06BCD97357BD/sketch/RFgenerator.ino.cpp.o
                0x000000000000529c                Timer<16u, &millis, void*>::every(unsigned long, bool (*)(void*), void*)
 .text._ZN5TimerILj16EXadL_Z6millisEEPvE4tickIvEEvv
                0x00000000000052f0       0x72 /private/var/folders/hj/1py1l1fn4579t9q2qnrjkywr0000gn/T/arduino-sketch-65AB117ABF15C333024E06BCD97357BD/sketch/RFgenerator.ino.cpp.o
                0x00000000000052f0                void Timer<16u, &millis, void*>::tick<void>()
 *fill*         0x0000000000005362        0x2 
 .text.startup._GLOBAL__sub_I_Version
                0x0000000000005364       0x70 /private/var/folders/hj/1py1l1fn4579t9q2qnrjkywr0000gn/T/arduino-sketch-65AB117ABF15C333024E06BCD97357BD/sketch/RFgenerator.ino.cpp.o
 .text._Z13ProcessSerialb
                0x00000000000053d4       0x64 /private/var/folders/hj/1py1l1fn4579t9q2qnrjkywr0000gn/T/arduino-sketch-65AB117ABF15C333024E06BCD97357BD/sketch/RFgenerator.ino.cpp.o
                0x00000000000053d4                ProcessSerial(bool)
 .text.loop     0x0000000000005438      0x108 /private/var/folders/hj/1py1l1fn4579t9q2qnrjkywr0000gn/T/arduino-sketch-65AB117ABF15C333024E06BCD97357BD/sketch/RFgenerator.ino.cpp.o
                0x0000000000005438                loop
 .text._Z11FS7140setupiib
                0x0000000000005540      0x3d8 /private/var/folders/hj/1py1l1fn4579t9q2qnrjkywr0000gn/T/arduino-sketch-65AB117ABF15C333024E06BCD97357BD/sketch/RFgenerator.ino.cpp.o
                0x0000000000005540                FS7140setup(int, int, bool)
 .text._Z12setFrequencyi
                0x0000000000005918       0x24 /private/var/folders/hj/1py1l1fn4579t9q2qnrjkywr0000gn/T/arduino-sketch-65AB117ABF15C333024E06BCD97357BD/sketch/RFgenerator.ino.cpp.o
                0x0000000000005918                setFrequency(int)
 *fill*         0x000000000000593c        0x4 
 .text._Z6Updatev
                0x0000000000005940      0x298 /private/var/folders/hj/1py1l1fn4579t9q2qnrjkywr0000gn/T/arduino-sketch-65AB117ABF15C333024E06BCD97357BD/sketch/RFgenerator.ino.cpp.o
                0x0000000000005940                Update()
 .text._Z11EloadConfigP7EConfigb
                0x0000000000005bd8      0x14c /private/var/folders/hj/1py1l1fn4579t9q2qnrjkywr0000gn/T/arduino-sketch-65AB117ABF15C333024E06BCD97357BD/sketch/RFgenerator.ino.cpp.o
                0x0000000000005bd8                EloadConfig(EConfig*, bool)
 .text._Z13Ethernet_testv
                0x0000000000005d24       0x40 /private/var/folders/hj/1py1l1fn4579t9q2qnrjkywr0000gn/T/arduino-sketch-65AB117ABF15C333024E06BCD97357BD/sketch/RFgenerator.ino.cpp.o
                0x0000000000005d24                Ethernet_test()
 .text._Z11EsendConfigP7EConfig
                0x0000000000005d64       0xa8 /private/var/folders/hj/1py1l1fn4579t9q2qnrjkywr0000gn/T/arduino-sketch-65AB117ABF15C333024E06BCD97357BD/sketch/RFgenerator.ino.cpp.o
                0x0000000000005d64                EsendConfig(EConfig*)
 .text._Z21UpdateEthernetAdapterv
                0x0000000000005e0c       0x74 /private/var/folders/hj/1py1l1fn4579t9q2qnrjkywr0000gn/T/arduino-sketch-65AB117ABF15C333024E06BCD97357BD/sketch/RFgenerator.ino.cpp.o
                0x0000000000005e0c                UpdateEthernetAdapter()
 .text._Z6SetEIPPc
                0x0000000000005e80       0x48 /private/var/folders/hj/1py1l1fn4579t9q2qnrjkywr0000gn/T/arduino-sketch-65AB117ABF15C333024E06BCD97357BD/sketch/RFgenerator.ino.cpp.o
                0x0000000000005e80                SetEIP(char*)
 .text._Z8SetSNEIPPc
                0x0000000000005ec8       0x48 /private/var/folders/hj/1py1l1fn4579t9q2qnrjkywr0000gn/T/arduino-sketch-65AB117ABF15C333024E06BCD97357BD/sketch/RFgenerator.ino.cpp.o
                0x0000000000005ec8                SetSNEIP(char*)
 .text._Z8SetEporti
                0x0000000000005f10       0x1c /private/var/folders/hj/1py1l1fn4579t9q2qnrjkywr0000gn/T/arduino-sketch-65AB117ABF15C333024E06BCD97357BD/sketch/RFgenerator.ino.cpp.o
                0x0000000000005f10                SetEport(int)
 .text._Z8SetEGATEPc
                0x0000000000005f2c       0x48 /private/var/folders/hj/1py1l1fn4579t9q2qnrjkywr0000gn/T/arduino-sketch-65AB117ABF15C333024E06BCD97357BD/sketch/RFgenerator.ino.cpp.o
                0x0000000000005f2c                SetEGATE(char*)
 .text._Z13Ethernet_initv
                0x0000000000005f74       0x58 /private/var/folders/hj/1py1l1fn4579t9q2qnrjkywr0000gn/T/arduino-sketch-65AB117ABF15C333024E06BCD97357BD/sketch/RFgenerator.ino.cpp.o
                0x0000000000005f74                Ethernet_init()
 .text.setup    0x0000000000005fcc      0x198 /private/var/folders/hj/1py1l1fn4579t9q2qnrjkywr0000gn/T/arduino-sketch-65AB117ABF15C333024E06BCD97357BD/sketch/RFgenerator.ino.cpp.o
                0x0000000000005fcc                setup
 .text._Z8WhereAmIv
                0x0000000000006164       0x14 /private/var/folders/hj/1py1l1fn4579t9q2qnrjkywr0000gn/T/arduino-sketch-65AB117ABF15C333024E06BCD97357BD/sketch/Serial.cpp.o
                0x0000000000006164                WhereAmI()
 .text._Z10EraseUpperv
                0x0000000000006178       0xe8 /private/var/folders/hj/1py1l1fn4579t9q2qnrjkywr0000gn/T/arduino-sketch-65AB117ABF15C333024E06BCD97357BD/sketch/Serial.cpp.o
                0x0000000000006178                EraseUpper()
 .text._Z11ProgramGOTOPc
                0x0000000000006260       0xb0 /private/var/folders/hj/1py1l1fn4579t9q2qnrjkywr0000gn/T/arduino-sketch-65AB117ABF15C333024E06BCD97357BD/sketch/Serial.cpp.o
                0x0000000000006260                ProgramGOTO(char*)
 .text._Z11GetCommandsv
                0x0000000000006310       0x40 /private/var/folders/hj/1py1l1fn4579t9q2qnrjkywr0000gn/T/arduino-sketch-65AB117ABF15C333024E06BCD97357BD/sketch/Serial.cpp.o
                0x0000000000006310                GetCommands()
 .text._Z12DelayCommandi
                0x0000000000006350       0x24 /private/var/folders/hj/1py1l1fn4579t9q2qnrjkywr0000gn/T/arduino-sketch-65AB117ABF15C333024E06BCD97357BD/sketch/Serial.cpp.o
                0x0000000000006350                DelayCommand(int)
 .text._Z4MutePc
                0x0000000000006374       0x5c /private/var/folders/hj/1py1l1fn4579t9q2qnrjkywr0000gn/T/arduino-sketch-65AB117ABF15C333024E06BCD97357BD/sketch/Serial.cpp.o
                0x0000000000006374                Mute(char*)
 .text._Z11ListThreadsv
                0x00000000000063d0       0xcc /private/var/folders/hj/1py1l1fn4579t9q2qnrjkywr0000gn/T/arduino-sketch-65AB117ABF15C333024E06BCD97357BD/sketch/Serial.cpp.o
                0x00000000000063d0                ListThreads()
 .text._Z15SetThreadEnablePcS_
                0x000000000000649c       0x84 /private/var/folders/hj/1py1l1fn4579t9q2qnrjkywr0000gn/T/arduino-sketch-65AB117ABF15C333024E06BCD97357BD/sketch/Serial.cpp.o
                0x000000000000649c                SetThreadEnable(char*, char*)
 .text._Z10SerialInitv
                0x0000000000006520       0x34 /private/var/folders/hj/1py1l1fn4579t9q2qnrjkywr0000gn/T/arduino-sketch-65AB117ABF15C333024E06BCD97357BD/sketch/Serial.cpp.o
                0x0000000000006520                SerialInit()
 .text._Z10Char2Tokenc
                0x0000000000006554       0x24 /private/var/folders/hj/1py1l1fn4579t9q2qnrjkywr0000gn/T/arduino-sketch-65AB117ABF15C333024E06BCD97357BD/sketch/Serial.cpp.o
                0x0000000000006554                Char2Token(char)
 .text._Z14ExecuteCommandP8CommandsiiPcS1_f
                0x0000000000006578      0x210 /private/var/folders/hj/1py1l1fn4579t9q2qnrjkywr0000gn/T/arduino-sketch-65AB117ABF15C333024E06BCD97357BD/sketch/Serial.cpp.o
                0x0000000000006578                ExecuteCommand(Commands*, int, int, char*, char*, float)
 .text._Z11RB_CommandsP11Ring_Buffer
                0x0000000000006788        0x8 /private/var/folders/hj/1py1l1fn4579t9q2qnrjkywr0000gn/T/arduino-sketch-65AB117ABF15C333024E06BCD97357BD/sketch/Serial.cpp.o
                0x0000000000006788                RB_Commands(Ring_Buffer*)
 .text._Z6RB_PutP11Ring_Bufferc
                0x0000000000006790       0x4c /private/var/folders/hj/1py1l1fn4579t9q2qnrjkywr0000gn/T/arduino-sketch-65AB117ABF15C333024E06BCD97357BD/sketch/Serial.cpp.o
                0x0000000000006790                RB_Put(Ring_Buffer*, char)
 .text._Z6RB_GetP11Ring_Buffer
                0x00000000000067dc       0x68 /private/var/folders/hj/1py1l1fn4579t9q2qnrjkywr0000gn/T/arduino-sketch-65AB117ABF15C333024E06BCD97357BD/sketch/Serial.cpp.o
                0x00000000000067dc                RB_Get(Ring_Buffer*)
 .text._Z7RB_NextP11Ring_Buffer
                0x0000000000006844       0x1c /private/var/folders/hj/1py1l1fn4579t9q2qnrjkywr0000gn/T/arduino-sketch-65AB117ABF15C333024E06BCD97357BD/sketch/Serial.cpp.o
                0x0000000000006844                RB_Next(Ring_Buffer*)
 .text._Z8GetTokenb
                0x0000000000006860       0x84 /private/var/folders/hj/1py1l1fn4579t9q2qnrjkywr0000gn/T/arduino-sketch-65AB117ABF15C333024E06BCD97357BD/sketch/Serial.cpp.o
                0x0000000000006860                GetToken(bool)
 .text._Z9UserInputPcPFvvE
                0x00000000000068e4       0x68 /private/var/folders/hj/1py1l1fn4579t9q2qnrjkywr0000gn/T/arduino-sketch-65AB117ABF15C333024E06BCD97357BD/sketch/Serial.cpp.o
                0x00000000000068e4                UserInput(char*, void (*)())
 .text._Z14UserInputFloatPcPFvvE
                0x000000000000694c       0x64 /private/var/folders/hj/1py1l1fn4579t9q2qnrjkywr0000gn/T/arduino-sketch-65AB117ABF15C333024E06BCD97357BD/sketch/Serial.cpp.o
                0x000000000000694c                UserInputFloat(char*, void (*)())
 .text._Z14ProcessCommandv
                0x00000000000069b0      0x2d0 /private/var/folders/hj/1py1l1fn4579t9q2qnrjkywr0000gn/T/arduino-sketch-65AB117ABF15C333024E06BCD97357BD/sketch/Serial.cpp.o
                0x00000000000069b0                ProcessCommand()
 .text._Z5PutChc
                0x0000000000006c80        0xc /private/var/folders/hj/1py1l1fn4579t9q2qnrjkywr0000gn/T/arduino-sketch-65AB117ABF15C333024E06BCD97357BD/sketch/Serial.cpp.o
                0x0000000000006c80                PutCh(char)
 .text.startup._GLOBAL__sub_I_serial
                0x0000000000006c8c       0x14 /private/var/folders/hj/1py1l1fn4579t9q2qnrjkywr0000gn/T/arduino-sketch-65AB117ABF15C333024E06BCD97357BD/sketch/Serial.cpp.o
 .text._ZN6Thread11setIntervalEl
                0x0000000000006ca0        0xe /private/var/folders/hj/1py1l1fn4579t9q2qnrjkywr0000gn/T/arduino-sketch-65AB117ABF15C333024E06BCD97357BD/libraries/ArduinoThread/Thread.cpp.o
                0x0000000000006ca0                Thread::setInterval(long)
 .text._ZN6Thread14setNextRunTimeEl
                0x0000000000006cae        0x4 /private/var/folders/hj/1py1l1fn4579t9q2qnrjkywr0000gn/T/arduino-sketch-65AB117ABF15C333024E06BCD97357BD/libraries/ArduinoThread/Thread.cpp.o
                0x0000000000006cae                Thread::setNextRunTime(long)
 .text._ZN6Thread9shouldRunEl
                0x0000000000006cb2       0x1a /private/var/folders/hj/1py1l1fn4579t9q2qnrjkywr0000gn/T/arduino-sketch-65AB117ABF15C333024E06BCD97357BD/libraries/ArduinoThread/Thread.cpp.o
                0x0000000000006cb2                Thread::shouldRun(long)
 .text._ZN6ThreadC2EPFvvEl
                0x0000000000006ccc       0x38 /private/var/folders/hj/1py1l1fn4579t9q2qnrjkywr0000gn/T/arduino-sketch-65AB117ABF15C333024E06BCD97357BD/libraries/ArduinoThread/Thread.cpp.o
                0x0000000000006ccc                Thread::Thread(void (*)(), long)
                0x0000000000006ccc                Thread::Thread(void (*)(), long)
 .text._ZN6Thread7setNameEPc
                0x0000000000006d04        0x6 /private/var/folders/hj/1py1l1fn4579t9q2qnrjkywr0000gn/T/arduino-sketch-65AB117ABF15C333024E06BCD97357BD/libraries/ArduinoThread/Thread.cpp.o
                0x0000000000006d04                Thread::setName(char*)
 .text._ZN6Thread7getNameEv
                0x0000000000006d0a        0x4 /private/var/folders/hj/1py1l1fn4579t9q2qnrjkywr0000gn/T/arduino-sketch-65AB117ABF15C333024E06BCD97357BD/libraries/ArduinoThread/Thread.cpp.o
                0x0000000000006d0a                Thread::getName()
 .text._ZN6Thread6runnedEl
                0x0000000000006d0e       0x16 /private/var/folders/hj/1py1l1fn4579t9q2qnrjkywr0000gn/T/arduino-sketch-65AB117ABF15C333024E06BCD97357BD/libraries/ArduinoThread/Thread.cpp.o
                0x0000000000006d0e                Thread::runned(long)
 .text._ZN6Thread3runEv
                0x0000000000006d24       0x24 /private/var/folders/hj/1py1l1fn4579t9q2qnrjkywr0000gn/T/arduino-sketch-65AB117ABF15C333024E06BCD97357BD/libraries/ArduinoThread/Thread.cpp.o
                0x0000000000006d24                Thread::run()
 .text._ZN6Thread5onRunEPFvvE
                0x0000000000006d48        0x4 /private/var/folders/hj/1py1l1fn4579t9q2qnrjkywr0000gn/T/arduino-sketch-65AB117ABF15C333024E06BCD97357BD/libraries/ArduinoThread/Thread.cpp.o
                0x0000000000006d48                Thread::onRun(void (*)())
 .text._ZN6Thread5getIDEv
                0x0000000000006d4c        0x4 /private/var/folders/hj/1py1l1fn4579t9q2qnrjkywr0000gn/T/arduino-sketch-65AB117ABF15C333024E06BCD97357BD/libraries/ArduinoThread/Thread.cpp.o
                0x0000000000006d4c                Thread::getID()
 .text._ZN6Thread11getIntervalEv
                0x0000000000006d50        0x4 /private/var/folders/hj/1py1l1fn4579t9q2qnrjkywr0000gn/T/arduino-sketch-65AB117ABF15C333024E06BCD97357BD/libraries/ArduinoThread/Thread.cpp.o
                0x0000000000006d50                Thread::getInterval()
 .text._ZN6Thread9runTimeMsEv
                0x0000000000006d54        0x4 /private/var/folders/hj/1py1l1fn4579t9q2qnrjkywr0000gn/T/arduino-sketch-65AB117ABF15C333024E06BCD97357BD/libraries/ArduinoThread/Thread.cpp.o
                0x0000000000006d54                Thread::runTimeMs()
 .text._ZN16ThreadController3runEv
                0x0000000000006d58       0x50 /private/var/folders/hj/1py1l1fn4579t9q2qnrjkywr0000gn/T/arduino-sketch-65AB117ABF15C333024E06BCD97357BD/libraries/ArduinoThread/ThreadController.cpp.o
                0x0000000000006d58                ThreadController::run()
 .text._ZN16ThreadController3addEP6Thread
                0x0000000000006da8       0x40 /private/var/folders/hj/1py1l1fn4579t9q2qnrjkywr0000gn/T/arduino-sketch-65AB117ABF15C333024E06BCD97357BD/libraries/ArduinoThread/ThreadController.cpp.o
                0x0000000000006da8                ThreadController::add(Thread*)
 .text._ZN16ThreadController5clearEv
                0x0000000000006de8       0x16 /private/var/folders/hj/1py1l1fn4579t9q2qnrjkywr0000gn/T/arduino-sketch-65AB117ABF15C333024E06BCD97357BD/libraries/ArduinoThread/ThreadController.cpp.o
                0x0000000000006de8                ThreadController::clear()
 *fill*         0x0000000000006dfe        0x2 
 .text._ZN16ThreadControllerC2El
                0x0000000000006e00       0x2c /private/var/folders/hj/1py1l1fn4579t9q2qnrjkywr0000gn/T/arduino-sketch-65AB117ABF15C333024E06BCD97357BD/libraries/ArduinoThread/ThreadController.cpp.o
                0x0000000000006e00                ThreadController::ThreadController(long)
                0x0000000000006e00                ThreadController::ThreadController(long)
 .text._ZN16ThreadController3getEi
                0x0000000000006e2c       0x22 /private/var/folders/hj/1py1l1fn4579t9q2qnrjkywr0000gn/T/arduino-sketch-65AB117ABF15C333024E06BCD97357BD/libraries/ArduinoThread/ThreadController.cpp.o
                0x0000000000006e2c                ThreadController::get(int)
 .text._ZN16ThreadController3getEPKc
                0x0000000000006e4e       0x32 /private/var/folders/hj/1py1l1fn4579t9q2qnrjkywr0000gn/T/arduino-sketch-65AB117ABF15C333024E06BCD97357BD/libraries/ArduinoThread/ThreadController.cpp.o
                0x0000000000006e4e                ThreadController::get(char const*)
 .text._ZN5Print17availableForWriteEv
                0x0000000000006e80        0x4 /private/var/folders/hj/1py1l1fn4579t9q2qnrjkywr0000gn/T/arduino-sketch-65AB117ABF15C333024E06BCD97357BD/libraries/Wire/Wire.cpp.o
                0x0000000000006e80                Print::availableForWrite()
 .text._ZN7TwoWire5writeEPKhj
                0x0000000000006e84       0x22 /private/var/folders/hj/1py1l1fn4579t9q2qnrjkywr0000gn/T/arduino-sketch-65AB117ABF15C333024E06BCD97357BD/libraries/Wire/Wire.cpp.o
                0x0000000000006e84                TwoWire::write(unsigned char const*, unsigned int)
 .text._ZN7TwoWire5flushEv
                0x0000000000006ea6        0x2 /private/var/folders/hj/1py1l1fn4579t9q2qnrjkywr0000gn/T/arduino-sketch-65AB117ABF15C333024E06BCD97357BD/libraries/Wire/Wire.cpp.o
                0x0000000000006ea6                TwoWire::flush()
 .text._ZN7TwoWire4peekEv
                0x0000000000006ea8       0x1a /private/var/folders/hj/1py1l1fn4579t9q2qnrjkywr0000gn/T/arduino-sketch-65AB117ABF15C333024E06BCD97357BD/libraries/Wire/Wire.cpp.o
                0x0000000000006ea8                TwoWire::peek()
 .text._ZN7TwoWire9availableEv
                0x0000000000006ec2       0x12 /private/var/folders/hj/1py1l1fn4579t9q2qnrjkywr0000gn/T/arduino-sketch-65AB117ABF15C333024E06BCD97357BD/libraries/Wire/Wire.cpp.o
                0x0000000000006ec2                TwoWire::available()
 .text._ZN7TwoWireC2EP6SERCOMhh
                0x0000000000006ed4       0x5c /private/var/folders/hj/1py1l1fn4579t9q2qnrjkywr0000gn/T/arduino-sketch-65AB117ABF15C333024E06BCD97357BD/libraries/Wire/Wire.cpp.o
                0x0000000000006ed4                TwoWire::TwoWire(SERCOM*, unsigned char, unsigned char)
                0x0000000000006ed4                TwoWire::TwoWire(SERCOM*, unsigned char, unsigned char)
 .text._ZN7TwoWire5beginEv
                0x0000000000006f30       0x40 /private/var/folders/hj/1py1l1fn4579t9q2qnrjkywr0000gn/T/arduino-sketch-65AB117ABF15C333024E06BCD97357BD/libraries/Wire/Wire.cpp.o
                0x0000000000006f30                TwoWire::begin()
 .text._ZN7TwoWire3endEv
                0x0000000000006f70        0x6 /private/var/folders/hj/1py1l1fn4579t9q2qnrjkywr0000gn/T/arduino-sketch-65AB117ABF15C333024E06BCD97357BD/libraries/Wire/Wire.cpp.o
                0x0000000000006f70                TwoWire::end()
 .text._ZN7TwoWire17beginTransmissionEh
                0x0000000000006f76       0x14 /private/var/folders/hj/1py1l1fn4579t9q2qnrjkywr0000gn/T/arduino-sketch-65AB117ABF15C333024E06BCD97357BD/libraries/Wire/Wire.cpp.o
                0x0000000000006f76                TwoWire::beginTransmission(unsigned char)
 .text._ZN11RingBufferNILi256EE10store_charEh
                0x0000000000006f8a       0x1c /private/var/folders/hj/1py1l1fn4579t9q2qnrjkywr0000gn/T/arduino-sketch-65AB117ABF15C333024E06BCD97357BD/libraries/Wire/Wire.cpp.o
                0x0000000000006f8a                RingBufferN<256>::store_char(unsigned char)
 .text._ZN7TwoWire5writeEh
                0x0000000000006fa6       0x26 /private/var/folders/hj/1py1l1fn4579t9q2qnrjkywr0000gn/T/arduino-sketch-65AB117ABF15C333024E06BCD97357BD/libraries/Wire/Wire.cpp.o
                0x0000000000006fa6                TwoWire::write(unsigned char)
 .text._ZN11RingBufferNILi256EE9read_charEv
                0x0000000000006fcc       0x28 /private/var/folders/hj/1py1l1fn4579t9q2qnrjkywr0000gn/T/arduino-sketch-65AB117ABF15C333024E06BCD97357BD/libraries/Wire/Wire.cpp.o
                0x0000000000006fcc                RingBufferN<256>::read_char()
 .text._ZN7TwoWire15endTransmissionEb
                0x0000000000006ff4       0x6a /private/var/folders/hj/1py1l1fn4579t9q2qnrjkywr0000gn/T/arduino-sketch-65AB117ABF15C333024E06BCD97357BD/libraries/Wire/Wire.cpp.o
                0x0000000000006ff4                TwoWire::endTransmission(bool)
 .text._ZN7TwoWire15endTransmissionEv
                0x000000000000705e        0x6 /private/var/folders/hj/1py1l1fn4579t9q2qnrjkywr0000gn/T/arduino-sketch-65AB117ABF15C333024E06BCD97357BD/libraries/Wire/Wire.cpp.o
                0x000000000000705e                TwoWire::endTransmission()
 .text._ZN7TwoWire4readEv
                0x0000000000007064        0xa /private/var/folders/hj/1py1l1fn4579t9q2qnrjkywr0000gn/T/arduino-sketch-65AB117ABF15C333024E06BCD97357BD/libraries/Wire/Wire.cpp.o
                0x0000000000007064                TwoWire::read()
 *fill*         0x000000000000706e        0x2 
 .text.startup._GLOBAL__sub_I__ZN7TwoWireC2EP6SERCOMhh
                0x0000000000007070       0x14 /private/var/folders/hj/1py1l1fn4579t9q2qnrjkywr0000gn/T/arduino-sketch-65AB117ABF15C333024E06BCD97357BD/libraries/Wire/Wire.cpp.o
 .text._ZN8SPIClass3endEv
                0x0000000000007084       0x10 /private/var/folders/hj/1py1l1fn4579t9q2qnrjkywr0000gn/T/arduino-sketch-65AB117ABF15C333024E06BCD97357BD/libraries/SPI/SPI.cpp.o
                0x0000000000007084                SPIClass::end()
 .text.startup._GLOBAL__sub_I__ZN8SPIClassC2EP6SERCOMhhh14SercomSpiTXPad11SercomRXPad
                0x0000000000007094       0x30 /private/var/folders/hj/1py1l1fn4579t9q2qnrjkywr0000gn/T/arduino-sketch-65AB117ABF15C333024E06BCD97357BD/libraries/SPI/SPI.cpp.o
 .text.startup._GLOBAL__sub_I_eeprom_storage
                0x00000000000070c4       0x28 /private/var/folders/hj/1py1l1fn4579t9q2qnrjkywr0000gn/T/arduino-sketch-65AB117ABF15C333024E06BCD97357BD/libraries/FlashStorage/FlashAsEEPROM.cpp.o
 .text._ZN10FlashClassC2EPKvm
                0x00000000000070ec       0x30 /private/var/folders/hj/1py1l1fn4579t9q2qnrjkywr0000gn/T/arduino-sketch-65AB117ABF15C333024E06BCD97357BD/libraries/FlashStorage/FlashStorage.cpp.o
                0x00000000000070ec                FlashClass::FlashClass(void const*, unsigned long)
                0x00000000000070ec                FlashClass::FlashClass(void const*, unsigned long)
 .text._ZN10FlashClass5writeEPVKvPKvm
                0x000000000000711c       0x8c /private/var/folders/hj/1py1l1fn4579t9q2qnrjkywr0000gn/T/arduino-sketch-65AB117ABF15C333024E06BCD97357BD/libraries/FlashStorage/FlashStorage.cpp.o
                0x000000000000711c                FlashClass::write(void const volatile*, void const*, unsigned long)
 .text._ZN10FlashClass5eraseEPVKv
                0x00000000000071a8       0x18 /private/var/folders/hj/1py1l1fn4579t9q2qnrjkywr0000gn/T/arduino-sketch-65AB117ABF15C333024E06BCD97357BD/libraries/FlashStorage/FlashStorage.cpp.o
                0x00000000000071a8                FlashClass::erase(void const volatile*)
 .text._ZN10FlashClass5eraseEPVKvm
                0x00000000000071c0       0x26 /private/var/folders/hj/1py1l1fn4579t9q2qnrjkywr0000gn/T/arduino-sketch-65AB117ABF15C333024E06BCD97357BD/libraries/FlashStorage/FlashStorage.cpp.o
                0x00000000000071c0                FlashClass::erase(void const volatile*, unsigned long)
 .text._ZN10FlashClass4readEPVKvPvm
                0x00000000000071e6        0x8 /private/var/folders/hj/1py1l1fn4579t9q2qnrjkywr0000gn/T/arduino-sketch-65AB117ABF15C333024E06BCD97357BD/libraries/FlashStorage/FlashStorage.cpp.o
                0x00000000000071e6                FlashClass::read(void const volatile*, void*, unsigned long)
 *fill*         0x00000000000071ee        0x2 
 .text.SERCOM3_0_Handler
                0x00000000000071f0        0xc /private/var/folders/hj/1py1l1fn4579t9q2qnrjkywr0000gn/T/arduino-sketch-65AB117ABF15C333024E06BCD97357BD/core/variant.cpp.o
                0x00000000000071f0                SERCOM3_0_Handler
 .text.SERCOM3_1_Handler
                0x00000000000071fc        0x4 /private/var/folders/hj/1py1l1fn4579t9q2qnrjkywr0000gn/T/arduino-sketch-65AB117ABF15C333024E06BCD97357BD/core/variant.cpp.o
                0x00000000000071fc                SERCOM3_1_Handler
 .text.SERCOM3_2_Handler
                0x0000000000007200        0x4 /private/var/folders/hj/1py1l1fn4579t9q2qnrjkywr0000gn/T/arduino-sketch-65AB117ABF15C333024E06BCD97357BD/core/variant.cpp.o
                0x0000000000007200                SERCOM3_2_Handler
 .text.SERCOM3_3_Handler
                0x0000000000007204        0x4 /private/var/folders/hj/1py1l1fn4579t9q2qnrjkywr0000gn/T/arduino-sketch-65AB117ABF15C333024E06BCD97357BD/core/variant.cpp.o
                0x0000000000007204                SERCOM3_3_Handler
 .text.startup._GLOBAL__sub_I_g_APinDescription
                0x0000000000007208       0x7c /private/var/folders/hj/1py1l1fn4579t9q2qnrjkywr0000gn/T/arduino-sketch-65AB117ABF15C333024E06BCD97357BD/core/variant.cpp.o
 .text.sqrt     0x0000000000007284       0xbc /Users/gordonanderson/Library/Arduino15/packages/arduino/tools/arm-none-eabi-gcc/4.8.3-2014q1/bin/../lib/gcc/arm-none-eabi/4.8.3/../../../../arm-none-eabi/lib/armv7e-m/fpu/libm.a(lib_a-w_sqrt.o)
                0x0000000000007284                sqrt
 .text.__ieee754_sqrt
                0x0000000000007340      0x198 /Users/gordonanderson/Library/Arduino15/packages/arduino/tools/arm-none-eabi-gcc/4.8.3-2014q1/bin/../lib/gcc/arm-none-eabi/4.8.3/../../../../arm-none-eabi/lib/armv7e-m/fpu/libm.a(lib_a-e_sqrt.o)
                0x0000000000007340                __ieee754_sqrt
 .text.__fpclassifyd
                0x00000000000074d8       0x54 /Users/gordonanderson/Library/Arduino15/packages/arduino/tools/arm-none-eabi-gcc/4.8.3-2014q1/bin/../lib/gcc/arm-none-eabi/4.8.3/../../../../arm-none-eabi/lib/armv7e-m/fpu/libm.a(lib_a-s_fpclassify.o)
                0x00000000000074d8                __fpclassifyd
 .text.matherr  0x000000000000752c        0x4 /Users/gordonanderson/Library/Arduino15/packages/arduino/tools/arm-none-eabi-gcc/4.8.3-2014q1/bin/../lib/gcc/arm-none-eabi/4.8.3/../../../../arm-none-eabi/lib/armv7e-m/fpu/libm.a(lib_a-s_matherr.o)
                0x000000000000752c                matherr
 .text._ZN5Print5writeEPKhj
                0x0000000000007530       0x22 /private/var/folders/hj/1py1l1fn4579t9q2qnrjkywr0000gn/T/arduino-sketch-65AB117ABF15C333024E06BCD97357BD/../arduino-core-cache/core_adafruit_samd_adafruit_itsybitsy_m4_cache_on_028f04db71604169935d71340ec685c9.a(Print.cpp.o)
                0x0000000000007530                Print::write(unsigned char const*, unsigned int)
 .text._ZN5Print5printEPKc
                0x0000000000007552        0x8 /private/var/folders/hj/1py1l1fn4579t9q2qnrjkywr0000gn/T/arduino-sketch-65AB117ABF15C333024E06BCD97357BD/../arduino-core-cache/core_adafruit_samd_adafruit_itsybitsy_m4_cache_on_028f04db71604169935d71340ec685c9.a(Print.cpp.o)
                0x0000000000007552                Print::print(char const*)
 .text._ZN5Print5printEc
                0x000000000000755a        0x6 /private/var/folders/hj/1py1l1fn4579t9q2qnrjkywr0000gn/T/arduino-sketch-65AB117ABF15C333024E06BCD97357BD/../arduino-core-cache/core_adafruit_samd_adafruit_itsybitsy_m4_cache_on_028f04db71604169935d71340ec685c9.a(Print.cpp.o)
                0x000000000000755a                Print::print(char)
 .text._ZN5Print7printlnEv
                0x0000000000007560       0x10 /private/var/folders/hj/1py1l1fn4579t9q2qnrjkywr0000gn/T/arduino-sketch-65AB117ABF15C333024E06BCD97357BD/../arduino-core-cache/core_adafruit_samd_adafruit_itsybitsy_m4_cache_on_028f04db71604169935d71340ec685c9.a(Print.cpp.o)
                0x0000000000007560                Print::println()
 .text._ZN5Print7printlnEPKc
                0x0000000000007570       0x14 /private/var/folders/hj/1py1l1fn4579t9q2qnrjkywr0000gn/T/arduino-sketch-65AB117ABF15C333024E06BCD97357BD/../arduino-core-cache/core_adafruit_samd_adafruit_itsybitsy_m4_cache_on_028f04db71604169935d71340ec685c9.a(Print.cpp.o)
                0x0000000000007570                Print::println(char const*)
 .text._ZN5Print11printNumberEmh
                0x0000000000007584       0x3c /private/var/folders/hj/1py1l1fn4579t9q2qnrjkywr0000gn/T/arduino-sketch-65AB117ABF15C333024E06BCD97357BD/../arduino-core-cache/core_adafruit_samd_adafruit_itsybitsy_m4_cache_on_028f04db71604169935d71340ec685c9.a(Print.cpp.o)
                0x0000000000007584                Print::printNumber(unsigned long, unsigned char)
 .text._ZN5Print5printEli
                0x00000000000075c0       0x44 /private/var/folders/hj/1py1l1fn4579t9q2qnrjkywr0000gn/T/arduino-sketch-65AB117ABF15C333024E06BCD97357BD/../arduino-core-cache/core_adafruit_samd_adafruit_itsybitsy_m4_cache_on_028f04db71604169935d71340ec685c9.a(Print.cpp.o)
                0x00000000000075c0                Print::print(long, int)
 .text._ZN5Print5printEii
                0x0000000000007604        0x4 /private/var/folders/hj/1py1l1fn4579t9q2qnrjkywr0000gn/T/arduino-sketch-65AB117ABF15C333024E06BCD97357BD/../arduino-core-cache/core_adafruit_samd_adafruit_itsybitsy_m4_cache_on_028f04db71604169935d71340ec685c9.a(Print.cpp.o)
                0x0000000000007604                Print::print(int, int)
 .text._ZN5Print7printlnEii
                0x0000000000007608       0x14 /private/var/folders/hj/1py1l1fn4579t9q2qnrjkywr0000gn/T/arduino-sketch-65AB117ABF15C333024E06BCD97357BD/../arduino-core-cache/core_adafruit_samd_adafruit_itsybitsy_m4_cache_on_028f04db71604169935d71340ec685c9.a(Print.cpp.o)
                0x0000000000007608                Print::println(int, int)
 .text._ZN5Print5printEmi
                0x000000000000761c       0x1a /private/var/folders/hj/1py1l1fn4579t9q2qnrjkywr0000gn/T/arduino-sketch-65AB117ABF15C333024E06BCD97357BD/../arduino-core-cache/core_adafruit_samd_adafruit_itsybitsy_m4_cache_on_028f04db71604169935d71340ec685c9.a(Print.cpp.o)
                0x000000000000761c                Print::print(unsigned long, int)
 .text._ZN5Print5printEhi
                0x0000000000007636        0x4 /private/var/folders/hj/1py1l1fn4579t9q2qnrjkywr0000gn/T/arduino-sketch-65AB117ABF15C333024E06BCD97357BD/../arduino-core-cache/core_adafruit_samd_adafruit_itsybitsy_m4_cache_on_028f04db71604169935d71340ec685c9.a(Print.cpp.o)
                0x0000000000007636                Print::print(unsigned char, int)
 .text._ZN5Print7printlnEhi
                0x000000000000763a       0x14 /private/var/folders/hj/1py1l1fn4579t9q2qnrjkywr0000gn/T/arduino-sketch-65AB117ABF15C333024E06BCD97357BD/../arduino-core-cache/core_adafruit_samd_adafruit_itsybitsy_m4_cache_on_028f04db71604169935d71340ec685c9.a(Print.cpp.o)
                0x000000000000763a                Print::println(unsigned char, int)
 .text._ZN5Print7printlnEmi
                0x000000000000764e       0x14 /private/var/folders/hj/1py1l1fn4579t9q2qnrjkywr0000gn/T/arduino-sketch-65AB117ABF15C333024E06BCD97357BD/../arduino-core-cache/core_adafruit_samd_adafruit_itsybitsy_m4_cache_on_028f04db71604169935d71340ec685c9.a(Print.cpp.o)
                0x000000000000764e                Print::println(unsigned long, int)
 *fill*         0x0000000000007662        0x2 
 .text._ZN5Print10printFloatEdh
                0x0000000000007664      0x16c /private/var/folders/hj/1py1l1fn4579t9q2qnrjkywr0000gn/T/arduino-sketch-65AB117ABF15C333024E06BCD97357BD/../arduino-core-cache/core_adafruit_samd_adafruit_itsybitsy_m4_cache_on_028f04db71604169935d71340ec685c9.a(Print.cpp.o)
                0x0000000000007664                Print::printFloat(double, unsigned char)
 .text._ZN5Print7printlnEdi
                0x00000000000077d0       0x16 /private/var/folders/hj/1py1l1fn4579t9q2qnrjkywr0000gn/T/arduino-sketch-65AB117ABF15C333024E06BCD97357BD/../arduino-core-cache/core_adafruit_samd_adafruit_itsybitsy_m4_cache_on_028f04db71604169935d71340ec685c9.a(Print.cpp.o)
                0x00000000000077d0                Print::println(double, int)
 .text._ZN6SERCOMC2EP6Sercom
                0x00000000000077e6        0x4 /private/var/folders/hj/1py1l1fn4579t9q2qnrjkywr0000gn/T/arduino-sketch-65AB117ABF15C333024E06BCD97357BD/../arduino-core-cache/core_adafruit_samd_adafruit_itsybitsy_m4_cache_on_028f04db71604169935d71340ec685c9.a(SERCOM.cpp.o)
                0x00000000000077e6                SERCOM::SERCOM(Sercom*)
                0x00000000000077e6                SERCOM::SERCOM(Sercom*)
 .text._ZN6SERCOM9initFrameE18SercomUartCharSize15SercomDataOrder16SercomParityMode19SercomNumberStopBit
                0x00000000000077ea       0x38 /private/var/folders/hj/1py1l1fn4579t9q2qnrjkywr0000gn/T/arduino-sketch-65AB117ABF15C333024E06BCD97357BD/../arduino-core-cache/core_adafruit_samd_adafruit_itsybitsy_m4_cache_on_028f04db71604169935d71340ec685c9.a(SERCOM.cpp.o)
                0x00000000000077ea                SERCOM::initFrame(SercomUartCharSize, SercomDataOrder, SercomParityMode, SercomNumberStopBit)
 .text._ZN6SERCOM8initPadsE15SercomUartTXPad11SercomRXPad
                0x0000000000007822       0x24 /private/var/folders/hj/1py1l1fn4579t9q2qnrjkywr0000gn/T/arduino-sketch-65AB117ABF15C333024E06BCD97357BD/../arduino-core-cache/core_adafruit_samd_adafruit_itsybitsy_m4_cache_on_028f04db71604169935d71340ec685c9.a(SERCOM.cpp.o)
                0x0000000000007822                SERCOM::initPads(SercomUartTXPad, SercomRXPad)
 .text._ZN6SERCOM9resetUARTEv
                0x0000000000007846       0x1a /private/var/folders/hj/1py1l1fn4579t9q2qnrjkywr0000gn/T/arduino-sketch-65AB117ABF15C333024E06BCD97357BD/../arduino-core-cache/core_adafruit_samd_adafruit_itsybitsy_m4_cache_on_028f04db71604169935d71340ec685c9.a(SERCOM.cpp.o)
                0x0000000000007846                SERCOM::resetUART()
 .text._ZN6SERCOM10enableUARTEv
                0x0000000000007860       0x14 /private/var/folders/hj/1py1l1fn4579t9q2qnrjkywr0000gn/T/arduino-sketch-65AB117ABF15C333024E06BCD97357BD/../arduino-core-cache/core_adafruit_samd_adafruit_itsybitsy_m4_cache_on_028f04db71604169935d71340ec685c9.a(SERCOM.cpp.o)
                0x0000000000007860                SERCOM::enableUART()
 .text._ZN6SERCOM9flushUARTEv
                0x0000000000007874       0x14 /private/var/folders/hj/1py1l1fn4579t9q2qnrjkywr0000gn/T/arduino-sketch-65AB117ABF15C333024E06BCD97357BD/../arduino-core-cache/core_adafruit_samd_adafruit_itsybitsy_m4_cache_on_028f04db71604169935d71340ec685c9.a(SERCOM.cpp.o)
                0x0000000000007874                SERCOM::flushUART()
 .text._ZN6SERCOM15clearStatusUARTEv
                0x0000000000007888        0x8 /private/var/folders/hj/1py1l1fn4579t9q2qnrjkywr0000gn/T/arduino-sketch-65AB117ABF15C333024E06BCD97357BD/../arduino-core-cache/core_adafruit_samd_adafruit_itsybitsy_m4_cache_on_028f04db71604169935d71340ec685c9.a(SERCOM.cpp.o)
                0x0000000000007888                SERCOM::clearStatusUART()
 .text._ZN6SERCOM17availableDataUARTEv
                0x0000000000007890        0xa /private/var/folders/hj/1py1l1fn4579t9q2qnrjkywr0000gn/T/arduino-sketch-65AB117ABF15C333024E06BCD97357BD/../arduino-core-cache/core_adafruit_samd_adafruit_itsybitsy_m4_cache_on_028f04db71604169935d71340ec685c9.a(SERCOM.cpp.o)
                0x0000000000007890                SERCOM::availableDataUART()
 .text._ZN6SERCOM11isUARTErrorEv
                0x000000000000789a        0x8 /private/var/folders/hj/1py1l1fn4579t9q2qnrjkywr0000gn/T/arduino-sketch-65AB117ABF15C333024E06BCD97357BD/../arduino-core-cache/core_adafruit_samd_adafruit_itsybitsy_m4_cache_on_028f04db71604169935d71340ec685c9.a(SERCOM.cpp.o)
                0x000000000000789a                SERCOM::isUARTError()
 .text._ZN6SERCOM20acknowledgeUARTErrorEv
                0x00000000000078a2        0xc /private/var/folders/hj/1py1l1fn4579t9q2qnrjkywr0000gn/T/arduino-sketch-65AB117ABF15C333024E06BCD97357BD/../arduino-core-cache/core_adafruit_samd_adafruit_itsybitsy_m4_cache_on_028f04db71604169935d71340ec685c9.a(SERCOM.cpp.o)
                0x00000000000078a2                SERCOM::acknowledgeUARTError()
 .text._ZN6SERCOM16isFrameErrorUARTEv
                0x00000000000078ae        0xa /private/var/folders/hj/1py1l1fn4579t9q2qnrjkywr0000gn/T/arduino-sketch-65AB117ABF15C333024E06BCD97357BD/../arduino-core-cache/core_adafruit_samd_adafruit_itsybitsy_m4_cache_on_028f04db71604169935d71340ec685c9.a(SERCOM.cpp.o)
                0x00000000000078ae                SERCOM::isFrameErrorUART()
 .text._ZN6SERCOM19clearFrameErrorUARTEv
                0x00000000000078b8        0xc /private/var/folders/hj/1py1l1fn4579t9q2qnrjkywr0000gn/T/arduino-sketch-65AB117ABF15C333024E06BCD97357BD/../arduino-core-cache/core_adafruit_samd_adafruit_itsybitsy_m4_cache_on_028f04db71604169935d71340ec685c9.a(SERCOM.cpp.o)
                0x00000000000078b8                SERCOM::clearFrameErrorUART()
 .text._ZN6SERCOM23isDataRegisterEmptyUARTEv
                0x00000000000078c4        0xa /private/var/folders/hj/1py1l1fn4579t9q2qnrjkywr0000gn/T/arduino-sketch-65AB117ABF15C333024E06BCD97357BD/../arduino-core-cache/core_adafruit_samd_adafruit_itsybitsy_m4_cache_on_028f04db71604169935d71340ec685c9.a(SERCOM.cpp.o)
                0x00000000000078c4                SERCOM::isDataRegisterEmptyUART()
 .text._ZN6SERCOM12readDataUARTEv
                0x00000000000078ce        0x8 /private/var/folders/hj/1py1l1fn4579t9q2qnrjkywr0000gn/T/arduino-sketch-65AB117ABF15C333024E06BCD97357BD/../arduino-core-cache/core_adafruit_samd_adafruit_itsybitsy_m4_cache_on_028f04db71604169935d71340ec685c9.a(SERCOM.cpp.o)
                0x00000000000078ce                SERCOM::readDataUART()
 .text._ZN6SERCOM13writeDataUARTEh
                0x00000000000078d6        0xe /private/var/folders/hj/1py1l1fn4579t9q2qnrjkywr0000gn/T/arduino-sketch-65AB117ABF15C333024E06BCD97357BD/../arduino-core-cache/core_adafruit_samd_adafruit_itsybitsy_m4_cache_on_028f04db71604169935d71340ec685c9.a(SERCOM.cpp.o)
                0x00000000000078d6                SERCOM::writeDataUART(unsigned char)
 .text._ZN6SERCOM36enableDataRegisterEmptyInterruptUARTEv
                0x00000000000078e4        0x8 /private/var/folders/hj/1py1l1fn4579t9q2qnrjkywr0000gn/T/arduino-sketch-65AB117ABF15C333024E06BCD97357BD/../arduino-core-cache/core_adafruit_samd_adafruit_itsybitsy_m4_cache_on_028f04db71604169935d71340ec685c9.a(SERCOM.cpp.o)
                0x00000000000078e4                SERCOM::enableDataRegisterEmptyInterruptUART()
 .text._ZN6SERCOM37disableDataRegisterEmptyInterruptUARTEv
                0x00000000000078ec        0x8 /private/var/folders/hj/1py1l1fn4579t9q2qnrjkywr0000gn/T/arduino-sketch-65AB117ABF15C333024E06BCD97357BD/../arduino-core-cache/core_adafruit_samd_adafruit_itsybitsy_m4_cache_on_028f04db71604169935d71340ec685c9.a(SERCOM.cpp.o)
                0x00000000000078ec                SERCOM::disableDataRegisterEmptyInterruptUART()
 .text._ZN6SERCOM8resetSPIEv
                0x00000000000078f4       0x1a /private/var/folders/hj/1py1l1fn4579t9q2qnrjkywr0000gn/T/arduino-sketch-65AB117ABF15C333024E06BCD97357BD/../arduino-core-cache/core_adafruit_samd_adafruit_itsybitsy_m4_cache_on_028f04db71604169935d71340ec685c9.a(SERCOM.cpp.o)
                0x00000000000078f4                SERCOM::resetSPI()
 .text._ZN6SERCOM9resetWIREEv
                0x000000000000790e       0x1a /private/var/folders/hj/1py1l1fn4579t9q2qnrjkywr0000gn/T/arduino-sketch-65AB117ABF15C333024E06BCD97357BD/../arduino-core-cache/core_adafruit_samd_adafruit_itsybitsy_m4_cache_on_028f04db71604169935d71340ec685c9.a(SERCOM.cpp.o)
                0x000000000000790e                SERCOM::resetWIRE()
 .text._ZN6SERCOM10enableWIREEv
                0x0000000000007928       0x26 /private/var/folders/hj/1py1l1fn4579t9q2qnrjkywr0000gn/T/arduino-sketch-65AB117ABF15C333024E06BCD97357BD/../arduino-core-cache/core_adafruit_samd_adafruit_itsybitsy_m4_cache_on_028f04db71604169935d71340ec685c9.a(SERCOM.cpp.o)
                0x0000000000007928                SERCOM::enableWIRE()
 .text._ZN6SERCOM11disableWIREEv
                0x000000000000794e       0x14 /private/var/folders/hj/1py1l1fn4579t9q2qnrjkywr0000gn/T/arduino-sketch-65AB117ABF15C333024E06BCD97357BD/../arduino-core-cache/core_adafruit_samd_adafruit_itsybitsy_m4_cache_on_028f04db71604169935d71340ec685c9.a(SERCOM.cpp.o)
                0x000000000000794e                SERCOM::disableWIRE()
 .text._ZN6SERCOM22prepareCommandBitsWireEh
                0x0000000000007962       0x24 /private/var/folders/hj/1py1l1fn4579t9q2qnrjkywr0000gn/T/arduino-sketch-65AB117ABF15C333024E06BCD97357BD/../arduino-core-cache/core_adafruit_samd_adafruit_itsybitsy_m4_cache_on_028f04db71604169935d71340ec685c9.a(SERCOM.cpp.o)
                0x0000000000007962                SERCOM::prepareCommandBitsWire(unsigned char)
 .text._ZN6SERCOM21startTransmissionWIREEh23SercomWireReadWriteFlag
                0x0000000000007986       0x56 /private/var/folders/hj/1py1l1fn4579t9q2qnrjkywr0000gn/T/arduino-sketch-65AB117ABF15C333024E06BCD97357BD/../arduino-core-cache/core_adafruit_samd_adafruit_itsybitsy_m4_cache_on_028f04db71604169935d71340ec685c9.a(SERCOM.cpp.o)
                0x0000000000007986                SERCOM::startTransmissionWIRE(unsigned char, SercomWireReadWriteFlag)
 .text._ZN6SERCOM18sendDataMasterWIREEh
                0x00000000000079dc       0x22 /private/var/folders/hj/1py1l1fn4579t9q2qnrjkywr0000gn/T/arduino-sketch-65AB117ABF15C333024E06BCD97357BD/../arduino-core-cache/core_adafruit_samd_adafruit_itsybitsy_m4_cache_on_028f04db71604169935d71340ec685c9.a(SERCOM.cpp.o)
                0x00000000000079dc                SERCOM::sendDataMasterWIRE(unsigned char)
 *fill*         0x00000000000079fe        0x2 
 .text._ZN6SERCOM13initClockNVICEv
                0x0000000000007a00      0x1cc /private/var/folders/hj/1py1l1fn4579t9q2qnrjkywr0000gn/T/arduino-sketch-65AB117ABF15C333024E06BCD97357BD/../arduino-core-cache/core_adafruit_samd_adafruit_itsybitsy_m4_cache_on_028f04db71604169935d71340ec685c9.a(SERCOM.cpp.o)
                0x0000000000007a00                SERCOM::initClockNVIC()
 .text._ZN6SERCOM8initUARTE14SercomUartMode20SercomUartSampleRatem
                0x0000000000007bcc       0x64 /private/var/folders/hj/1py1l1fn4579t9q2qnrjkywr0000gn/T/arduino-sketch-65AB117ABF15C333024E06BCD97357BD/../arduino-core-cache/core_adafruit_samd_adafruit_itsybitsy_m4_cache_on_028f04db71604169935d71340ec685c9.a(SERCOM.cpp.o)
                0x0000000000007bcc                SERCOM::initUART(SercomUartMode, SercomUartSampleRate, unsigned long)
 .text._ZN6SERCOM14initMasterWIREEm
                0x0000000000007c30       0x34 /private/var/folders/hj/1py1l1fn4579t9q2qnrjkywr0000gn/T/arduino-sketch-65AB117ABF15C333024E06BCD97357BD/../arduino-core-cache/core_adafruit_samd_adafruit_itsybitsy_m4_cache_on_028f04db71604169935d71340ec685c9.a(SERCOM.cpp.o)
                0x0000000000007c30                SERCOM::initMasterWIRE(unsigned long)
 .text._ZN7Serial_17availableForWriteEv
                0x0000000000007c64        0x4 /private/var/folders/hj/1py1l1fn4579t9q2qnrjkywr0000gn/T/arduino-sketch-65AB117ABF15C333024E06BCD97357BD/../arduino-core-cache/core_adafruit_samd_adafruit_itsybitsy_m4_cache_on_028f04db71604169935d71340ec685c9.a(CDC.cpp.o)
                0x0000000000007c64                Serial_::availableForWrite()
 .text._ZN7Serial_5writeEh
                0x0000000000007c68       0x18 /private/var/folders/hj/1py1l1fn4579t9q2qnrjkywr0000gn/T/arduino-sketch-65AB117ABF15C333024E06BCD97357BD/../arduino-core-cache/core_adafruit_samd_adafruit_itsybitsy_m4_cache_on_028f04db71604169935d71340ec685c9.a(CDC.cpp.o)
                0x0000000000007c68                Serial_::write(unsigned char)
 .text._ZN7Serial_9availableEv
                0x0000000000007c80        0x8 /private/var/folders/hj/1py1l1fn4579t9q2qnrjkywr0000gn/T/arduino-sketch-65AB117ABF15C333024E06BCD97357BD/../arduino-core-cache/core_adafruit_samd_adafruit_itsybitsy_m4_cache_on_028f04db71604169935d71340ec685c9.a(CDC.cpp.o)
                0x0000000000007c80                Serial_::available()
 .text._ZN7Serial_5flushEv
                0x0000000000007c88        0x8 /private/var/folders/hj/1py1l1fn4579t9q2qnrjkywr0000gn/T/arduino-sketch-65AB117ABF15C333024E06BCD97357BD/../arduino-core-cache/core_adafruit_samd_adafruit_itsybitsy_m4_cache_on_028f04db71604169935d71340ec685c9.a(CDC.cpp.o)
                0x0000000000007c88                Serial_::flush()
 .text._ZN7Serial_5writeEPKhj
                0x0000000000007c90       0x28 /private/var/folders/hj/1py1l1fn4579t9q2qnrjkywr0000gn/T/arduino-sketch-65AB117ABF15C333024E06BCD97357BD/../arduino-core-cache/core_adafruit_samd_adafruit_itsybitsy_m4_cache_on_028f04db71604169935d71340ec685c9.a(CDC.cpp.o)
                0x0000000000007c90                Serial_::write(unsigned char const*, unsigned int)
 .text._ZN7Serial_4peekEv
                0x0000000000007cb8       0x1c /private/var/folders/hj/1py1l1fn4579t9q2qnrjkywr0000gn/T/arduino-sketch-65AB117ABF15C333024E06BCD97357BD/../arduino-core-cache/core_adafruit_samd_adafruit_itsybitsy_m4_cache_on_028f04db71604169935d71340ec685c9.a(CDC.cpp.o)
                0x0000000000007cb8                Serial_::peek()
 .text._ZN7Serial_4readEv
                0x0000000000007cd4       0x20 /private/var/folders/hj/1py1l1fn4579t9q2qnrjkywr0000gn/T/arduino-sketch-65AB117ABF15C333024E06BCD97357BD/../arduino-core-cache/core_adafruit_samd_adafruit_itsybitsy_m4_cache_on_028f04db71604169935d71340ec685c9.a(CDC.cpp.o)
                0x0000000000007cd4                Serial_::read()
 .text._Z16CDC_GetInterfacePh
                0x0000000000007cf4       0x18 /private/var/folders/hj/1py1l1fn4579t9q2qnrjkywr0000gn/T/arduino-sketch-65AB117ABF15C333024E06BCD97357BD/../arduino-core-cache/core_adafruit_samd_adafruit_itsybitsy_m4_cache_on_028f04db71604169935d71340ec685c9.a(CDC.cpp.o)
                0x0000000000007cf4                CDC_GetInterface(unsigned char*)
 .text._Z9CDC_SetupR8USBSetup
                0x0000000000007d0c       0x74 /private/var/folders/hj/1py1l1fn4579t9q2qnrjkywr0000gn/T/arduino-sketch-65AB117ABF15C333024E06BCD97357BD/../arduino-core-cache/core_adafruit_samd_adafruit_itsybitsy_m4_cache_on_028f04db71604169935d71340ec685c9.a(CDC.cpp.o)
                0x0000000000007d0c                CDC_Setup(USBSetup&)
 .text._ZN7Serial_5beginEm
                0x0000000000007d80        0x2 /private/var/folders/hj/1py1l1fn4579t9q2qnrjkywr0000gn/T/arduino-sketch-65AB117ABF15C333024E06BCD97357BD/../arduino-core-cache/core_adafruit_samd_adafruit_itsybitsy_m4_cache_on_028f04db71604169935d71340ec685c9.a(CDC.cpp.o)
                0x0000000000007d80                Serial_::begin(unsigned long)
 .text._ZN7Serial_3endEv
                0x0000000000007d82        0x2 /private/var/folders/hj/1py1l1fn4579t9q2qnrjkywr0000gn/T/arduino-sketch-65AB117ABF15C333024E06BCD97357BD/../arduino-core-cache/core_adafruit_samd_adafruit_itsybitsy_m4_cache_on_028f04db71604169935d71340ec685c9.a(CDC.cpp.o)
                0x0000000000007d82                Serial_::end()
 .text.startup._GLOBAL__sub_I__Z17_CDC_GetInterfacev
                0x0000000000007d84       0x24 /private/var/folders/hj/1py1l1fn4579t9q2qnrjkywr0000gn/T/arduino-sketch-65AB117ABF15C333024E06BCD97357BD/../arduino-core-cache/core_adafruit_samd_adafruit_itsybitsy_m4_cache_on_028f04db71604169935d71340ec685c9.a(CDC.cpp.o)
 .text._ZN26DoubleBufferedEPOutHandler4initEv
                0x0000000000007da8        0x2 /private/var/folders/hj/1py1l1fn4579t9q2qnrjkywr0000gn/T/arduino-sketch-65AB117ABF15C333024E06BCD97357BD/../arduino-core-cache/core_adafruit_samd_adafruit_itsybitsy_m4_cache_on_028f04db71604169935d71340ec685c9.a(USBCore.cpp.o)
                0x0000000000007da8                DoubleBufferedEPOutHandler::init()
 *fill*         0x0000000000007daa        0x2 
 .text._ZN14USBDeviceClass6initEPEmm.part.5
                0x0000000000007dac       0xc4 /private/var/folders/hj/1py1l1fn4579t9q2qnrjkywr0000gn/T/arduino-sketch-65AB117ABF15C333024E06BCD97357BD/../arduino-core-cache/core_adafruit_samd_adafruit_itsybitsy_m4_cache_on_028f04db71604169935d71340ec685c9.a(USBCore.cpp.o)
 .text._ZN7__GuardC2Ev
                0x0000000000007e70        0xe /private/var/folders/hj/1py1l1fn4579t9q2qnrjkywr0000gn/T/arduino-sketch-65AB117ABF15C333024E06BCD97357BD/../arduino-core-cache/core_adafruit_samd_adafruit_itsybitsy_m4_cache_on_028f04db71604169935d71340ec685c9.a(USBCore.cpp.o)
                0x0000000000007e70                __Guard::__Guard()
                0x0000000000007e70                __Guard::__Guard()
 .text._ZN7__GuardD2Ev
                0x0000000000007e7e        0xc /private/var/folders/hj/1py1l1fn4579t9q2qnrjkywr0000gn/T/arduino-sketch-65AB117ABF15C333024E06BCD97357BD/../arduino-core-cache/core_adafruit_samd_adafruit_itsybitsy_m4_cache_on_028f04db71604169935d71340ec685c9.a(USBCore.cpp.o)
                0x0000000000007e7e                __Guard::~__Guard()
                0x0000000000007e7e                __Guard::~__Guard()
 .text._ZNK26DoubleBufferedEPOutHandler9availableEv
                0x0000000000007e8a       0x5e /private/var/folders/hj/1py1l1fn4579t9q2qnrjkywr0000gn/T/arduino-sketch-65AB117ABF15C333024E06BCD97357BD/../arduino-core-cache/core_adafruit_samd_adafruit_itsybitsy_m4_cache_on_028f04db71604169935d71340ec685c9.a(USBCore.cpp.o)
                0x0000000000007e8a                DoubleBufferedEPOutHandler::available() const
 .text._ZN26DoubleBufferedEPOutHandler7releaseEv
                0x0000000000007ee8       0x4e /private/var/folders/hj/1py1l1fn4579t9q2qnrjkywr0000gn/T/arduino-sketch-65AB117ABF15C333024E06BCD97357BD/../arduino-core-cache/core_adafruit_samd_adafruit_itsybitsy_m4_cache_on_028f04db71604169935d71340ec685c9.a(USBCore.cpp.o)
                0x0000000000007ee8                DoubleBufferedEPOutHandler::release()
 .text._ZN26DoubleBufferedEPOutHandler4recvEPvm
                0x0000000000007f36      0x116 /private/var/folders/hj/1py1l1fn4579t9q2qnrjkywr0000gn/T/arduino-sketch-65AB117ABF15C333024E06BCD97357BD/../arduino-core-cache/core_adafruit_samd_adafruit_itsybitsy_m4_cache_on_028f04db71604169935d71340ec685c9.a(USBCore.cpp.o)
                0x0000000000007f36                DoubleBufferedEPOutHandler::recv(void*, unsigned long)
 .text._ZN26DoubleBufferedEPOutHandler14handleEndpointEv
                0x000000000000804c       0xb8 /private/var/folders/hj/1py1l1fn4579t9q2qnrjkywr0000gn/T/arduino-sketch-65AB117ABF15C333024E06BCD97357BD/../arduino-core-cache/core_adafruit_samd_adafruit_itsybitsy_m4_cache_on_028f04db71604169935d71340ec685c9.a(USBCore.cpp.o)
                0x000000000000804c                DoubleBufferedEPOutHandler::handleEndpoint()
 .text._ZN14USBDeviceClass14SendInterfacesEPm
                0x0000000000008104       0x32 /private/var/folders/hj/1py1l1fn4579t9q2qnrjkywr0000gn/T/arduino-sketch-65AB117ABF15C333024E06BCD97357BD/../arduino-core-cache/core_adafruit_samd_adafruit_itsybitsy_m4_cache_on_028f04db71604169935d71340ec685c9.a(USBCore.cpp.o)
                0x0000000000008104                USBDeviceClass::SendInterfaces(unsigned long*)
 *fill*         0x0000000000008136        0x2 
 .text._ZN14USBDeviceClass14handleEndpointEh
                0x0000000000008138       0x3c /private/var/folders/hj/1py1l1fn4579t9q2qnrjkywr0000gn/T/arduino-sketch-65AB117ABF15C333024E06BCD97357BD/../arduino-core-cache/core_adafruit_samd_adafruit_itsybitsy_m4_cache_on_028f04db71604169935d71340ec685c9.a(USBCore.cpp.o)
                0x0000000000008138                USBDeviceClass::handleEndpoint(unsigned char)
 .text._ZN14USBDeviceClass4initEv
                0x0000000000008174       0xf4 /private/var/folders/hj/1py1l1fn4579t9q2qnrjkywr0000gn/T/arduino-sketch-65AB117ABF15C333024E06BCD97357BD/../arduino-core-cache/core_adafruit_samd_adafruit_itsybitsy_m4_cache_on_028f04db71604169935d71340ec685c9.a(USBCore.cpp.o)
                0x0000000000008174                USBDeviceClass::init()
 .text._ZN14USBDeviceClass6attachEv
                0x0000000000008268       0x30 /private/var/folders/hj/1py1l1fn4579t9q2qnrjkywr0000gn/T/arduino-sketch-65AB117ABF15C333024E06BCD97357BD/../arduino-core-cache/core_adafruit_samd_adafruit_itsybitsy_m4_cache_on_028f04db71604169935d71340ec685c9.a(USBCore.cpp.o)
                0x0000000000008268                USBDeviceClass::attach()
 .text._ZN14USBDeviceClass10setAddressEm
                0x0000000000008298       0x40 /private/var/folders/hj/1py1l1fn4579t9q2qnrjkywr0000gn/T/arduino-sketch-65AB117ABF15C333024E06BCD97357BD/../arduino-core-cache/core_adafruit_samd_adafruit_itsybitsy_m4_cache_on_028f04db71604169935d71340ec685c9.a(USBCore.cpp.o)
                0x0000000000008298                USBDeviceClass::setAddress(unsigned long)
 .text._ZN14USBDeviceClass25handleClassInterfaceSetupER8USBSetup
                0x00000000000082d8       0x40 /private/var/folders/hj/1py1l1fn4579t9q2qnrjkywr0000gn/T/arduino-sketch-65AB117ABF15C333024E06BCD97357BD/../arduino-core-cache/core_adafruit_samd_adafruit_itsybitsy_m4_cache_on_028f04db71604169935d71340ec685c9.a(USBCore.cpp.o)
                0x00000000000082d8                USBDeviceClass::handleClassInterfaceSetup(USBSetup&)
 .text._ZN14USBDeviceClass6initEPEmm
                0x0000000000008318       0xec /private/var/folders/hj/1py1l1fn4579t9q2qnrjkywr0000gn/T/arduino-sketch-65AB117ABF15C333024E06BCD97357BD/../arduino-core-cache/core_adafruit_samd_adafruit_itsybitsy_m4_cache_on_028f04db71604169935d71340ec685c9.a(USBCore.cpp.o)
                0x0000000000008318                USBDeviceClass::initEP(unsigned long, unsigned long)
 .text._ZN14USBDeviceClass13initEndpointsEv
                0x0000000000008404       0x20 /private/var/folders/hj/1py1l1fn4579t9q2qnrjkywr0000gn/T/arduino-sketch-65AB117ABF15C333024E06BCD97357BD/../arduino-core-cache/core_adafruit_samd_adafruit_itsybitsy_m4_cache_on_028f04db71604169935d71340ec685c9.a(USBCore.cpp.o)
                0x0000000000008404                USBDeviceClass::initEndpoints()
 .text._ZN14USBDeviceClass9availableEm
                0x0000000000008424       0x28 /private/var/folders/hj/1py1l1fn4579t9q2qnrjkywr0000gn/T/arduino-sketch-65AB117ABF15C333024E06BCD97357BD/../arduino-core-cache/core_adafruit_samd_adafruit_itsybitsy_m4_cache_on_028f04db71604169935d71340ec685c9.a(USBCore.cpp.o)
                0x0000000000008424                USBDeviceClass::available(unsigned long)
 .text._ZN14USBDeviceClass5flushEm
                0x000000000000844c       0x28 /private/var/folders/hj/1py1l1fn4579t9q2qnrjkywr0000gn/T/arduino-sketch-65AB117ABF15C333024E06BCD97357BD/../arduino-core-cache/core_adafruit_samd_adafruit_itsybitsy_m4_cache_on_028f04db71604169935d71340ec685c9.a(USBCore.cpp.o)
                0x000000000000844c                USBDeviceClass::flush(unsigned long)
 .text._ZN14USBDeviceClass14armRecvCtrlOUTEm
                0x0000000000008474       0x54 /private/var/folders/hj/1py1l1fn4579t9q2qnrjkywr0000gn/T/arduino-sketch-65AB117ABF15C333024E06BCD97357BD/../arduino-core-cache/core_adafruit_samd_adafruit_itsybitsy_m4_cache_on_028f04db71604169935d71340ec685c9.a(USBCore.cpp.o)
                0x0000000000008474                USBDeviceClass::armRecvCtrlOUT(unsigned long)
 .text._ZN14USBDeviceClass11recvControlEPvm
                0x00000000000084c8       0x40 /private/var/folders/hj/1py1l1fn4579t9q2qnrjkywr0000gn/T/arduino-sketch-65AB117ABF15C333024E06BCD97357BD/../arduino-core-cache/core_adafruit_samd_adafruit_itsybitsy_m4_cache_on_028f04db71604169935d71340ec685c9.a(USBCore.cpp.o)
                0x00000000000084c8                USBDeviceClass::recvControl(void*, unsigned long)
 .text._ZN14USBDeviceClass7armRecvEm
                0x0000000000008508       0x34 /private/var/folders/hj/1py1l1fn4579t9q2qnrjkywr0000gn/T/arduino-sketch-65AB117ABF15C333024E06BCD97357BD/../arduino-core-cache/core_adafruit_samd_adafruit_itsybitsy_m4_cache_on_028f04db71604169935d71340ec685c9.a(USBCore.cpp.o)
                0x0000000000008508                USBDeviceClass::armRecv(unsigned long)
 .text._ZN14USBDeviceClass4recvEmPvm
                0x000000000000853c       0xbc /private/var/folders/hj/1py1l1fn4579t9q2qnrjkywr0000gn/T/arduino-sketch-65AB117ABF15C333024E06BCD97357BD/../arduino-core-cache/core_adafruit_samd_adafruit_itsybitsy_m4_cache_on_028f04db71604169935d71340ec685c9.a(USBCore.cpp.o)
                0x000000000000853c                USBDeviceClass::recv(unsigned long, void*, unsigned long)
 .text._ZN14USBDeviceClass4recvEm
                0x00000000000085f8       0x1e /private/var/folders/hj/1py1l1fn4579t9q2qnrjkywr0000gn/T/arduino-sketch-65AB117ABF15C333024E06BCD97357BD/../arduino-core-cache/core_adafruit_samd_adafruit_itsybitsy_m4_cache_on_028f04db71604169935d71340ec685c9.a(USBCore.cpp.o)
                0x00000000000085f8                USBDeviceClass::recv(unsigned long)
 *fill*         0x0000000000008616        0x2 
 .text._ZN14USBDeviceClass4sendEmPKvm
                0x0000000000008618       0xf0 /private/var/folders/hj/1py1l1fn4579t9q2qnrjkywr0000gn/T/arduino-sketch-65AB117ABF15C333024E06BCD97357BD/../arduino-core-cache/core_adafruit_samd_adafruit_itsybitsy_m4_cache_on_028f04db71604169935d71340ec685c9.a(USBCore.cpp.o)
                0x0000000000008618                USBDeviceClass::send(unsigned long, void const*, unsigned long)
 .text._ZN14USBDeviceClass7armSendEmPKvm
                0x0000000000008708       0x3c /private/var/folders/hj/1py1l1fn4579t9q2qnrjkywr0000gn/T/arduino-sketch-65AB117ABF15C333024E06BCD97357BD/../arduino-core-cache/core_adafruit_samd_adafruit_itsybitsy_m4_cache_on_028f04db71604169935d71340ec685c9.a(USBCore.cpp.o)
                0x0000000000008708                USBDeviceClass::armSend(unsigned long, void const*, unsigned long)
 .text._ZN14USBDeviceClass11sendControlEPKvm
                0x0000000000008744       0x58 /private/var/folders/hj/1py1l1fn4579t9q2qnrjkywr0000gn/T/arduino-sketch-65AB117ABF15C333024E06BCD97357BD/../arduino-core-cache/core_adafruit_samd_adafruit_itsybitsy_m4_cache_on_028f04db71604169935d71340ec685c9.a(USBCore.cpp.o)
                0x0000000000008744                USBDeviceClass::sendControl(void const*, unsigned long)
 .text._ZN14USBDeviceClass20sendStringDescriptorEPKhh
                0x000000000000879c       0x6c /private/var/folders/hj/1py1l1fn4579t9q2qnrjkywr0000gn/T/arduino-sketch-65AB117ABF15C333024E06BCD97357BD/../arduino-core-cache/core_adafruit_samd_adafruit_itsybitsy_m4_cache_on_028f04db71604169935d71340ec685c9.a(USBCore.cpp.o)
                0x000000000000879c                USBDeviceClass::sendStringDescriptor(unsigned char const*, unsigned char)
 .text._ZN14USBDeviceClass17sendConfigurationEm
                0x0000000000008808       0x94 /private/var/folders/hj/1py1l1fn4579t9q2qnrjkywr0000gn/T/arduino-sketch-65AB117ABF15C333024E06BCD97357BD/../arduino-core-cache/core_adafruit_samd_adafruit_itsybitsy_m4_cache_on_028f04db71604169935d71340ec685c9.a(USBCore.cpp.o)
                0x0000000000008808                USBDeviceClass::sendConfiguration(unsigned long)
 .text._ZN14USBDeviceClass14sendDescriptorER8USBSetup
                0x000000000000889c       0xb0 /private/var/folders/hj/1py1l1fn4579t9q2qnrjkywr0000gn/T/arduino-sketch-65AB117ABF15C333024E06BCD97357BD/../arduino-core-cache/core_adafruit_samd_adafruit_itsybitsy_m4_cache_on_028f04db71604169935d71340ec685c9.a(USBCore.cpp.o)
                0x000000000000889c                USBDeviceClass::sendDescriptor(USBSetup&)
 .text._ZN14USBDeviceClass19handleStandardSetupER8USBSetup
                0x000000000000894c      0x110 /private/var/folders/hj/1py1l1fn4579t9q2qnrjkywr0000gn/T/arduino-sketch-65AB117ABF15C333024E06BCD97357BD/../arduino-core-cache/core_adafruit_samd_adafruit_itsybitsy_m4_cache_on_028f04db71604169935d71340ec685c9.a(USBCore.cpp.o)
                0x000000000000894c                USBDeviceClass::handleStandardSetup(USBSetup&)
 .text._ZN14USBDeviceClass10ISRHandlerEv
                0x0000000000008a5c      0x118 /private/var/folders/hj/1py1l1fn4579t9q2qnrjkywr0000gn/T/arduino-sketch-65AB117ABF15C333024E06BCD97357BD/../arduino-core-cache/core_adafruit_samd_adafruit_itsybitsy_m4_cache_on_028f04db71604169935d71340ec685c9.a(USBCore.cpp.o)
                0x0000000000008a5c                USBDeviceClass::ISRHandler()
 .text.UDD_Handler
                0x0000000000008b74        0xc /private/var/folders/hj/1py1l1fn4579t9q2qnrjkywr0000gn/T/arduino-sketch-65AB117ABF15C333024E06BCD97357BD/../arduino-core-cache/core_adafruit_samd_adafruit_itsybitsy_m4_cache_on_028f04db71604169935d71340ec685c9.a(USBCore.cpp.o)
                0x0000000000008b74                UDD_Handler
 .text.startup._GLOBAL__sub_I_usbd
                0x0000000000008b80       0x10 /private/var/folders/hj/1py1l1fn4579t9q2qnrjkywr0000gn/T/arduino-sketch-65AB117ABF15C333024E06BCD97357BD/../arduino-core-cache/core_adafruit_samd_adafruit_itsybitsy_m4_cache_on_028f04db71604169935d71340ec685c9.a(USBCore.cpp.o)
 .text._ZN4UartcvbEv
                0x0000000000008b90        0x4 /private/var/folders/hj/1py1l1fn4579t9q2qnrjkywr0000gn/T/arduino-sketch-65AB117ABF15C333024E06BCD97357BD/../arduino-core-cache/core_adafruit_samd_adafruit_itsybitsy_m4_cache_on_028f04db71604169935d71340ec685c9.a(Uart.cpp.o)
                0x0000000000008b90                Uart::operator bool()
 .text._ZN4Uart5beginEm
                0x0000000000008b94        0xa /private/var/folders/hj/1py1l1fn4579t9q2qnrjkywr0000gn/T/arduino-sketch-65AB117ABF15C333024E06BCD97357BD/../arduino-core-cache/core_adafruit_samd_adafruit_itsybitsy_m4_cache_on_028f04db71604169935d71340ec685c9.a(Uart.cpp.o)
                0x0000000000008b94                Uart::begin(unsigned long)
 .text._ZN4Uart4peekEv
                0x0000000000008b9e       0x1a /private/var/folders/hj/1py1l1fn4579t9q2qnrjkywr0000gn/T/arduino-sketch-65AB117ABF15C333024E06BCD97357BD/../arduino-core-cache/core_adafruit_samd_adafruit_itsybitsy_m4_cache_on_028f04db71604169935d71340ec685c9.a(Uart.cpp.o)
                0x0000000000008b9e                Uart::peek()
 .text._ZN4Uart3endEv
                0x0000000000008bb8       0x1e /private/var/folders/hj/1py1l1fn4579t9q2qnrjkywr0000gn/T/arduino-sketch-65AB117ABF15C333024E06BCD97357BD/../arduino-core-cache/core_adafruit_samd_adafruit_itsybitsy_m4_cache_on_028f04db71604169935d71340ec685c9.a(Uart.cpp.o)
                0x0000000000008bb8                Uart::end()
 .text._ZN4Uart15extractCharSizeEt
                0x0000000000008bd6       0x24 /private/var/folders/hj/1py1l1fn4579t9q2qnrjkywr0000gn/T/arduino-sketch-65AB117ABF15C333024E06BCD97357BD/../arduino-core-cache/core_adafruit_samd_adafruit_itsybitsy_m4_cache_on_028f04db71604169935d71340ec685c9.a(Uart.cpp.o)
                0x0000000000008bd6                Uart::extractCharSize(unsigned short)
 .text._ZN4Uart13extractParityEt
                0x0000000000008bfa       0x16 /private/var/folders/hj/1py1l1fn4579t9q2qnrjkywr0000gn/T/arduino-sketch-65AB117ABF15C333024E06BCD97357BD/../arduino-core-cache/core_adafruit_samd_adafruit_itsybitsy_m4_cache_on_028f04db71604169935d71340ec685c9.a(Uart.cpp.o)
                0x0000000000008bfa                Uart::extractParity(unsigned short)
 .text._ZN4Uart5beginEmt
                0x0000000000008c10       0xe0 /private/var/folders/hj/1py1l1fn4579t9q2qnrjkywr0000gn/T/arduino-sketch-65AB117ABF15C333024E06BCD97357BD/../arduino-core-cache/core_adafruit_samd_adafruit_itsybitsy_m4_cache_on_028f04db71604169935d71340ec685c9.a(Uart.cpp.o)
                0x0000000000008c10                Uart::begin(unsigned long, unsigned short)
 .text._ZN11RingBufferNILi164EEC2Ev
                0x0000000000008cf0       0x16 /private/var/folders/hj/1py1l1fn4579t9q2qnrjkywr0000gn/T/arduino-sketch-65AB117ABF15C333024E06BCD97357BD/../arduino-core-cache/core_adafruit_samd_adafruit_itsybitsy_m4_cache_on_028f04db71604169935d71340ec685c9.a(Uart.cpp.o)
                0x0000000000008cf0                RingBufferN<164>::RingBufferN()
                0x0000000000008cf0                RingBufferN<164>::RingBufferN()
 *fill*         0x0000000000008d06        0x2 
 .text._ZN4UartC2EP6SERCOMhh11SercomRXPad15SercomUartTXPad
                0x0000000000008d08       0x54 /private/var/folders/hj/1py1l1fn4579t9q2qnrjkywr0000gn/T/arduino-sketch-65AB117ABF15C333024E06BCD97357BD/../arduino-core-cache/core_adafruit_samd_adafruit_itsybitsy_m4_cache_on_028f04db71604169935d71340ec685c9.a(Uart.cpp.o)
                0x0000000000008d08                Uart::Uart(SERCOM*, unsigned char, unsigned char, SercomRXPad, SercomUartTXPad)
                0x0000000000008d08                Uart::Uart(SERCOM*, unsigned char, unsigned char, SercomRXPad, SercomUartTXPad)
 .text._ZN11RingBufferNILi164EE9availableEv
                0x0000000000008d5c       0x10 /private/var/folders/hj/1py1l1fn4579t9q2qnrjkywr0000gn/T/arduino-sketch-65AB117ABF15C333024E06BCD97357BD/../arduino-core-cache/core_adafruit_samd_adafruit_itsybitsy_m4_cache_on_028f04db71604169935d71340ec685c9.a(Uart.cpp.o)
                0x0000000000008d5c                RingBufferN<164>::available()
 .text._ZN4Uart5flushEv
                0x0000000000008d6c       0x1c /private/var/folders/hj/1py1l1fn4579t9q2qnrjkywr0000gn/T/arduino-sketch-65AB117ABF15C333024E06BCD97357BD/../arduino-core-cache/core_adafruit_samd_adafruit_itsybitsy_m4_cache_on_028f04db71604169935d71340ec685c9.a(Uart.cpp.o)
                0x0000000000008d6c                Uart::flush()
 .text._ZN4Uart9availableEv
                0x0000000000008d88        0xa /private/var/folders/hj/1py1l1fn4579t9q2qnrjkywr0000gn/T/arduino-sketch-65AB117ABF15C333024E06BCD97357BD/../arduino-core-cache/core_adafruit_samd_adafruit_itsybitsy_m4_cache_on_028f04db71604169935d71340ec685c9.a(Uart.cpp.o)
                0x0000000000008d88                Uart::available()
 .text._ZN11RingBufferNILi164EE17availableForStoreEv
                0x0000000000008d92       0x2c /private/var/folders/hj/1py1l1fn4579t9q2qnrjkywr0000gn/T/arduino-sketch-65AB117ABF15C333024E06BCD97357BD/../arduino-core-cache/core_adafruit_samd_adafruit_itsybitsy_m4_cache_on_028f04db71604169935d71340ec685c9.a(Uart.cpp.o)
                0x0000000000008d92                RingBufferN<164>::availableForStore()
 .text._ZN4Uart17availableForWriteEv
                0x0000000000008dbe        0xa /private/var/folders/hj/1py1l1fn4579t9q2qnrjkywr0000gn/T/arduino-sketch-65AB117ABF15C333024E06BCD97357BD/../arduino-core-cache/core_adafruit_samd_adafruit_itsybitsy_m4_cache_on_028f04db71604169935d71340ec685c9.a(Uart.cpp.o)
                0x0000000000008dbe                Uart::availableForWrite()
 .text._ZN4Uart10IrqHandlerEv
                0x0000000000008dc8       0xd4 /private/var/folders/hj/1py1l1fn4579t9q2qnrjkywr0000gn/T/arduino-sketch-65AB117ABF15C333024E06BCD97357BD/../arduino-core-cache/core_adafruit_samd_adafruit_itsybitsy_m4_cache_on_028f04db71604169935d71340ec685c9.a(Uart.cpp.o)
                0x0000000000008dc8                Uart::IrqHandler()
 .text._ZN4Uart5writeEh
                0x0000000000008e9c       0xc0 /private/var/folders/hj/1py1l1fn4579t9q2qnrjkywr0000gn/T/arduino-sketch-65AB117ABF15C333024E06BCD97357BD/../arduino-core-cache/core_adafruit_samd_adafruit_itsybitsy_m4_cache_on_028f04db71604169935d71340ec685c9.a(Uart.cpp.o)
                0x0000000000008e9c                Uart::write(unsigned char)
 .text._ZN4Uart4readEv
                0x0000000000008f5c       0x50 /private/var/folders/hj/1py1l1fn4579t9q2qnrjkywr0000gn/T/arduino-sketch-65AB117ABF15C333024E06BCD97357BD/../arduino-core-cache/core_adafruit_samd_adafruit_itsybitsy_m4_cache_on_028f04db71604169935d71340ec685c9.a(Uart.cpp.o)
                0x0000000000008f5c                Uart::read()
 .text._ZN6StringD2Ev
                0x0000000000008fac        0xe /private/var/folders/hj/1py1l1fn4579t9q2qnrjkywr0000gn/T/arduino-sketch-65AB117ABF15C333024E06BCD97357BD/../arduino-core-cache/core_adafruit_samd_adafruit_itsybitsy_m4_cache_on_028f04db71604169935d71340ec685c9.a(WString.cpp.o)
                0x0000000000008fac                String::~String()
                0x0000000000008fac                String::~String()
 .text._ZN6String10invalidateEv
                0x0000000000008fba       0x16 /private/var/folders/hj/1py1l1fn4579t9q2qnrjkywr0000gn/T/arduino-sketch-65AB117ABF15C333024E06BCD97357BD/../arduino-core-cache/core_adafruit_samd_adafruit_itsybitsy_m4_cache_on_028f04db71604169935d71340ec685c9.a(WString.cpp.o)
                0x0000000000008fba                String::invalidate()
 .text._ZN6String12changeBufferEj
                0x0000000000008fd0       0x18 /private/var/folders/hj/1py1l1fn4579t9q2qnrjkywr0000gn/T/arduino-sketch-65AB117ABF15C333024E06BCD97357BD/../arduino-core-cache/core_adafruit_samd_adafruit_itsybitsy_m4_cache_on_028f04db71604169935d71340ec685c9.a(WString.cpp.o)
                0x0000000000008fd0                String::changeBuffer(unsigned int)
 .text._ZN6String7reserveEj
                0x0000000000008fe8       0x28 /private/var/folders/hj/1py1l1fn4579t9q2qnrjkywr0000gn/T/arduino-sketch-65AB117ABF15C333024E06BCD97357BD/../arduino-core-cache/core_adafruit_samd_adafruit_itsybitsy_m4_cache_on_028f04db71604169935d71340ec685c9.a(WString.cpp.o)
                0x0000000000008fe8                String::reserve(unsigned int)
 .text._ZN6String4copyEPKcj
                0x0000000000009010       0x26 /private/var/folders/hj/1py1l1fn4579t9q2qnrjkywr0000gn/T/arduino-sketch-65AB117ABF15C333024E06BCD97357BD/../arduino-core-cache/core_adafruit_samd_adafruit_itsybitsy_m4_cache_on_028f04db71604169935d71340ec685c9.a(WString.cpp.o)
                0x0000000000009010                String::copy(char const*, unsigned int)
 .text._ZN6StringC2EPKc
                0x0000000000009036       0x24 /private/var/folders/hj/1py1l1fn4579t9q2qnrjkywr0000gn/T/arduino-sketch-65AB117ABF15C333024E06BCD97357BD/../arduino-core-cache/core_adafruit_samd_adafruit_itsybitsy_m4_cache_on_028f04db71604169935d71340ec685c9.a(WString.cpp.o)
                0x0000000000009036                String::String(char const*)
                0x0000000000009036                String::String(char const*)
 .text._ZN6StringaSEPKc
                0x000000000000905a       0x22 /private/var/folders/hj/1py1l1fn4579t9q2qnrjkywr0000gn/T/arduino-sketch-65AB117ABF15C333024E06BCD97357BD/../arduino-core-cache/core_adafruit_samd_adafruit_itsybitsy_m4_cache_on_028f04db71604169935d71340ec685c9.a(WString.cpp.o)
                0x000000000000905a                String::operator=(char const*)
 .text._ZN6String6concatEPKcj
                0x000000000000907c       0x2e /private/var/folders/hj/1py1l1fn4579t9q2qnrjkywr0000gn/T/arduino-sketch-65AB117ABF15C333024E06BCD97357BD/../arduino-core-cache/core_adafruit_samd_adafruit_itsybitsy_m4_cache_on_028f04db71604169935d71340ec685c9.a(WString.cpp.o)
                0x000000000000907c                String::concat(char const*, unsigned int)
 .text._ZN6String6concatEc
                0x00000000000090aa       0x1a /private/var/folders/hj/1py1l1fn4579t9q2qnrjkywr0000gn/T/arduino-sketch-65AB117ABF15C333024E06BCD97357BD/../arduino-core-cache/core_adafruit_samd_adafruit_itsybitsy_m4_cache_on_028f04db71604169935d71340ec685c9.a(WString.cpp.o)
                0x00000000000090aa                String::concat(char)
 .text._ZNK6String6equalsEPKc
                0x00000000000090c4       0x24 /private/var/folders/hj/1py1l1fn4579t9q2qnrjkywr0000gn/T/arduino-sketch-65AB117ABF15C333024E06BCD97357BD/../arduino-core-cache/core_adafruit_samd_adafruit_itsybitsy_m4_cache_on_028f04db71604169935d71340ec685c9.a(WString.cpp.o)
                0x00000000000090c4                String::equals(char const*) const
 .text._ZN6String4trimEv
                0x00000000000090e8       0x50 /private/var/folders/hj/1py1l1fn4579t9q2qnrjkywr0000gn/T/arduino-sketch-65AB117ABF15C333024E06BCD97357BD/../arduino-core-cache/core_adafruit_samd_adafruit_itsybitsy_m4_cache_on_028f04db71604169935d71340ec685c9.a(WString.cpp.o)
                0x00000000000090e8                String::trim()
 .text._ZNK6String5toIntEv
                0x0000000000009138        0xa /private/var/folders/hj/1py1l1fn4579t9q2qnrjkywr0000gn/T/arduino-sketch-65AB117ABF15C333024E06BCD97357BD/../arduino-core-cache/core_adafruit_samd_adafruit_itsybitsy_m4_cache_on_028f04db71604169935d71340ec685c9.a(WString.cpp.o)
                0x0000000000009138                String::toInt() const
 *fill*         0x0000000000009142        0x6 
 .text._ZNK6String8toDoubleEv
                0x0000000000009148       0x18 /private/var/folders/hj/1py1l1fn4579t9q2qnrjkywr0000gn/T/arduino-sketch-65AB117ABF15C333024E06BCD97357BD/../arduino-core-cache/core_adafruit_samd_adafruit_itsybitsy_m4_cache_on_028f04db71604169935d71340ec685c9.a(WString.cpp.o)
                0x0000000000009148                String::toDouble() const
 .text._ZNK6String7toFloatEv
                0x0000000000009160       0x14 /private/var/folders/hj/1py1l1fn4579t9q2qnrjkywr0000gn/T/arduino-sketch-65AB117ABF15C333024E06BCD97357BD/../arduino-core-cache/core_adafruit_samd_adafruit_itsybitsy_m4_cache_on_028f04db71604169935d71340ec685c9.a(WString.cpp.o)
                0x0000000000009160                String::toFloat() const
 .text.Dummy_Handler
                0x0000000000009174        0x2 /private/var/folders/hj/1py1l1fn4579t9q2qnrjkywr0000gn/T/arduino-sketch-65AB117ABF15C333024E06BCD97357BD/../arduino-core-cache/core_adafruit_samd_adafruit_itsybitsy_m4_cache_on_028f04db71604169935d71340ec685c9.a(cortex_handlers.c.o)
                0x0000000000009174                ICM_Handler
                0x0000000000009174                SERCOM0_2_Handler
                0x0000000000009174                DebugMon_Handler
                0x0000000000009174                EIC_13_Handler
                0x0000000000009174                EVSYS_0_Handler
                0x0000000000009174                TCC1_3_Handler
                0x0000000000009174                DAC_3_Handler
                0x0000000000009174                TRNG_Handler
                0x0000000000009174                HardFault_Handler
                0x0000000000009174                PDEC_2_Handler
                0x0000000000009174                EIC_4_Handler
                0x0000000000009174                AC_Handler
                0x0000000000009174                TCC2_3_Handler
                0x0000000000009174                PendSV_Handler
                0x0000000000009174                NMI_Handler
                0x0000000000009174                TC7_Handler
                0x0000000000009174                ADC1_1_Handler
                0x0000000000009174                EVSYS_3_Handler
                0x0000000000009174                PDEC_0_Handler
                0x0000000000009174                QSPI_Handler
                0x0000000000009174                TCC0_0_Handler
                0x0000000000009174                EIC_3_Handler
                0x0000000000009174                TAL_0_Handler
                0x0000000000009174                DAC_2_Handler
                0x0000000000009174                SERCOM0_0_Handler
                0x0000000000009174                RTC_Handler
                0x0000000000009174                UsageFault_Handler
                0x0000000000009174                SERCOM4_0_Handler
                0x0000000000009174                EIC_10_Handler
                0x0000000000009174                SERCOM0_3_Handler
                0x0000000000009174                EIC_11_Handler
                0x0000000000009174                EIC_9_Handler
                0x0000000000009174                OSC32KCTRL_Handler
                0x0000000000009174                TCC2_1_Handler
                0x0000000000009174                SUPC_1_Handler
                0x0000000000009174                TCC0_5_Handler
                0x0000000000009174                TCC0_6_Handler
                0x0000000000009174                SERCOM6_2_Handler
                0x0000000000009174                EVSYS_1_Handler
                0x0000000000009174                TCC1_4_Handler
                0x0000000000009174                TC6_Handler
                0x0000000000009174                DMAC_0_Handler
                0x0000000000009174                WDT_Handler
                0x0000000000009174                EIC_8_Handler
                0x0000000000009174                EIC_15_Handler
                0x0000000000009174                SERCOM6_0_Handler
                0x0000000000009174                SERCOM5_0_Handler
                0x0000000000009174                TC4_Handler
                0x0000000000009174                TC1_Handler
                0x0000000000009174                OSCCTRL_4_Handler
                0x0000000000009174                SERCOM4_3_Handler
                0x0000000000009174                EIC_12_Handler
                0x0000000000009174                DMAC_4_Handler
                0x0000000000009174                TCC4_2_Handler
                0x0000000000009174                PAC_Handler
                0x0000000000009174                TCC1_0_Handler
                0x0000000000009174                OSCCTRL_0_Handler
                0x0000000000009174                EIC_0_Handler
                0x0000000000009174                OSCCTRL_3_Handler
                0x0000000000009174                SERCOM4_1_Handler
                0x0000000000009174                TC3_Handler
                0x0000000000009174                Dummy_Handler
                0x0000000000009174                TCC3_0_Handler
                0x0000000000009174                TCC2_2_Handler
                0x0000000000009174                SERCOM5_1_Handler
                0x0000000000009174                TCC1_1_Handler
                0x0000000000009174                DMAC_2_Handler
                0x0000000000009174                ADC0_0_Handler
                0x0000000000009174                SERCOM0_1_Handler
                0x0000000000009174                OSCCTRL_2_Handler
                0x0000000000009174                ADC1_0_Handler
                0x0000000000009174                TCC1_2_Handler
                0x0000000000009174                SERCOM7_1_Handler
                0x0000000000009174                PM_Handler
                0x0000000000009174                SERCOM6_3_Handler
                0x0000000000009174                SERCOM2_3_Handler
                0x0000000000009174                DAC_4_Handler
                0x0000000000009174                TCC3_2_Handler
                0x0000000000009174                SERCOM7_0_Handler
                0x0000000000009174                TCC0_2_Handler
                0x0000000000009174                DMAC_1_Handler
                0x0000000000009174                TCC4_0_Handler
                0x0000000000009174                SERCOM7_3_Handler
                0x0000000000009174                SDHC1_Handler
                0x0000000000009174                SERCOM7_2_Handler
                0x0000000000009174                TCC2_0_Handler
                0x0000000000009174                PDEC_1_Handler
                0x0000000000009174                MemManage_Handler
                0x0000000000009174                TCC4_1_Handler
                0x0000000000009174                SERCOM5_3_Handler